<html>
<body>
<pre>
<h1>µVision Build Log</h1>
<h2>Tool Versions:</h2>
IDE-Version: µVision V5.25.2.0
Copyright (C) 2018 ARM Ltd and ARM Germany GmbH. All rights reserved.
License Information: Duong Ho, Google, LIC=----
 
Tool Versions:
Toolchain:       MDK-Lite  Version: 5.25.2.0
Toolchain Path:  C:\Keil_v5\ARM\ARMCC\Bin
C Compiler:      Armcc.exe V5.06 update 6 (build 750)
Assembler:       Armasm.exe V5.06 update 6 (build 750)
Linker/Locator:  ArmLink.exe V5.06 update 6 (build 750)
Library Manager: ArmAr.exe V5.06 update 6 (build 750)
Hex Converter:   FromElf.exe V5.06 update 6 (build 750)
CPU DLL:         SARMCM3.DLL V5.25.2.0
Dialog DLL:      DCM.DLL V1.17.1.0
Target DLL:      STLink\ST-LINKIII-KEIL_SWO.dll V3.0.1.0
Dialog DLL:      TCM.DLL V1.35.1.0
 
<h2>Project:</h2>
C:\ImportantThings\Thesis\Firmware\Thesis\robot.uvprojx
Project File Date:  06/18/2023

<h2>Output:</h2>
*** Using Compiler 'V5.06 update 6 (build 750)', folder: 'C:\Keil_v5\ARM\ARMCC\Bin'
Rebuild target 'Target 1'
assembling startup_stm32f40_41xxx.s...
compiling functions.c...
functions.c(1): warning:  #1-D: last line of file ends without a newline
  #include "functions.h"
functions.h(4): warning:  #1-D: last line of file ends without a newline
  #endif
functions.c: 2 warnings, 0 errors
compiling imu.c...
imu.c(1): warning:  #1-D: last line of file ends without a newline
  #include "imu.h"
imu.h(4): warning:  #1-D: last line of file ends without a newline
  #endif
imu.c: 2 warnings, 0 errors
compiling system_timetick.c...
compiling encoder.c...
compiling system_stm32f4xx.c...
compiling main.c...
compiling stm32f4xx_dma.c...
compiling misc.c...
compiling motor.c...
compiling stm32f4xx_gpio.c...
compiling UART.c...
UART.c(263): warning:  #223-D: function "memcpy" declared implicitly
  	memcpy(U2_TxBuffer + index,STX, 1);
UART.c: 1 warning, 0 errors
compiling stm32f4xx_rcc.c...
compiling gps.c...
gps.h(54): warning:  #1-D: last line of file ends without a newline
  #endif
gps.c(144): warning:  #940-D: missing return statement at end of non-void function "GPS_NMEA_Message" 
  }
gps.c: 2 warnings, 0 errors
compiling stm32f4xx_usart.c...
compiling stm32f4xx_tim.c...
linking...
Program Size: Code=8456 RO-data=424 RW-data=100 ZI-data=2244  
".\Objects\robot.axf" - 0 Error(s), 7 Warning(s).

<h2>Software Packages used:</h2>

Package Vendor: ARM
                http://www.keil.com/pack/ARM.CMSIS.5.3.0.pack
                ARM.CMSIS.5.3.0
                CMSIS (Cortex Microcontroller Software Interface Standard)
   * Component: CORE Version: 5.1.1

Package Vendor: Keil
                http://www.keil.com/pack/Keil.STM32F4xx_DFP.2.11.0.pack
                Keil.STM32F4xx_DFP.2.11.0
                STMicroelectronics STM32F4 Series Device Support, Drivers and Examples

<h2>Collection of Component include folders:</h2>
  .\RTE\_Target_1
  C:\Keil_v5\ARM\PACK\ARM\CMSIS\5.3.0\CMSIS\Include
  C:\Keil_v5\ARM\PACK\Keil\STM32F4xx_DFP\2.11.0\Drivers\CMSIS\Device\ST\STM32F4xx\Include

<h2>Collection of Component Files used:</h2>

   * Component: ARM::CMSIS:CORE:5.1.1
Build Time Elapsed:  00:00:02
</pre>
</body>
</html>
