Component: ARM Compiler 5.06 update 6 (build 750) Tool: armlink [4d35ed]

==============================================================================

Section Cross References

    startup_stm32f40_41xxx.o(STACK) refers (Special) to heapauxi.o(.text) for __use_two_region_memory
    startup_stm32f40_41xxx.o(HEAP) refers (Special) to heapauxi.o(.text) for __use_two_region_memory
    startup_stm32f40_41xxx.o(RESET) refers (Special) to heapauxi.o(.text) for __use_two_region_memory
    startup_stm32f40_41xxx.o(RESET) refers to startup_stm32f40_41xxx.o(STACK) for __initial_sp
    startup_stm32f40_41xxx.o(RESET) refers to startup_stm32f40_41xxx.o(.text) for Reset_Handler
    startup_stm32f40_41xxx.o(RESET) refers to interrupt.o(i.NMI_Handler) for NMI_Handler
    startup_stm32f40_41xxx.o(RESET) refers to interrupt.o(i.HardFault_Handler) for HardFault_Handler
    startup_stm32f40_41xxx.o(RESET) refers to interrupt.o(i.MemManage_Handler) for MemManage_Handler
    startup_stm32f40_41xxx.o(RESET) refers to interrupt.o(i.BusFault_Handler) for BusFault_Handler
    startup_stm32f40_41xxx.o(RESET) refers to interrupt.o(i.UsageFault_Handler) for UsageFault_Handler
    startup_stm32f40_41xxx.o(RESET) refers to interrupt.o(i.SVC_Handler) for SVC_Handler
    startup_stm32f40_41xxx.o(RESET) refers to interrupt.o(i.DebugMon_Handler) for DebugMon_Handler
    startup_stm32f40_41xxx.o(RESET) refers to interrupt.o(i.PendSV_Handler) for PendSV_Handler
    startup_stm32f40_41xxx.o(RESET) refers to interrupt.o(i.SysTick_Handler) for SysTick_Handler
    startup_stm32f40_41xxx.o(RESET) refers to interrupt.o(i.DMA1_Stream2_IRQHandler) for DMA1_Stream2_IRQHandler
    startup_stm32f40_41xxx.o(RESET) refers to interrupt.o(i.DMA1_Stream4_IRQHandler) for DMA1_Stream4_IRQHandler
    startup_stm32f40_41xxx.o(RESET) refers to interrupt.o(i.DMA1_Stream5_IRQHandler) for DMA1_Stream5_IRQHandler
    startup_stm32f40_41xxx.o(RESET) refers to interrupt.o(i.DMA1_Stream6_IRQHandler) for DMA1_Stream6_IRQHandler
    startup_stm32f40_41xxx.o(RESET) refers to interrupt.o(i.TIM2_IRQHandler) for TIM2_IRQHandler
    startup_stm32f40_41xxx.o(RESET) refers to interrupt.o(i.USART1_IRQHandler) for USART1_IRQHandler
    startup_stm32f40_41xxx.o(RESET) refers to interrupt.o(i.USART2_IRQHandler) for USART2_IRQHandler
    startup_stm32f40_41xxx.o(RESET) refers to interrupt.o(i.UART4_IRQHandler) for UART4_IRQHandler
    startup_stm32f40_41xxx.o(RESET) refers to interrupt.o(i.DMA2_Stream2_IRQHandler) for DMA2_Stream2_IRQHandler
    startup_stm32f40_41xxx.o(RESET) refers to interrupt.o(i.DMA2_Stream5_IRQHandler) for DMA2_Stream5_IRQHandler
    startup_stm32f40_41xxx.o(RESET) refers to interrupt.o(i.DMA2_Stream6_IRQHandler) for DMA2_Stream6_IRQHandler
    startup_stm32f40_41xxx.o(RESET) refers to interrupt.o(i.DMA2_Stream7_IRQHandler) for DMA2_Stream7_IRQHandler
    startup_stm32f40_41xxx.o(.text) refers (Special) to heapauxi.o(.text) for __use_two_region_memory
    startup_stm32f40_41xxx.o(.text) refers to system_stm32f4xx.o(i.SystemInit) for SystemInit
    startup_stm32f40_41xxx.o(.text) refers to __main.o(!!!main) for __main
    startup_stm32f40_41xxx.o(.text) refers to startup_stm32f40_41xxx.o(HEAP) for Heap_Mem
    startup_stm32f40_41xxx.o(.text) refers to startup_stm32f40_41xxx.o(STACK) for Stack_Mem
    system_stm32f4xx.o(i.SystemCoreClockUpdate) refers to system_stm32f4xx.o(.data) for SystemCoreClock
    system_stm32f4xx.o(i.SystemInit) refers to system_stm32f4xx.o(i.SetSysClock) for SetSysClock
    main.o(i.Configure) refers to uart.o(i.USART1_Config) for USART1_Config
    main.o(i.Configure) refers to uart.o(i.USART2_Config) for USART2_Config
    main.o(i.Configure) refers to uart.o(i.UART4_Config) for UART4_Config
    main.o(i.Configure) refers to uart.o(i.USART6_Config) for USART6_Config
    main.o(i.Configure) refers to encoder.o(i.Encoder_Config_M1) for Encoder_Config_M1
    main.o(i.Configure) refers to encoder.o(i.Encoder_Config_M2) for Encoder_Config_M2
    main.o(i.Configure) refers to encoder.o(i.GPIO_Config) for GPIO_Config
    main.o(i.Configure) refers to encoder.o(i.PWM_Config) for PWM_Config
    main.o(i.Configure) refers to encoder.o(i.InTimer_Config) for InTimer_Config
    main.o(i.Configure) refers to system_stm32f4xx.o(.data) for SystemCoreClock
    main.o(i.ConvertCorToByte) refers to daddsub_clz.o(x$fpl$dsub) for __aeabi_dsub
    main.o(i.ConvertCorToByte) refers to dfix.o(x$fpl$dfix) for __aeabi_d2iz
    main.o(i.ConvertCorToByte) refers to dflt_clz.o(x$fpl$dflt) for __aeabi_i2d
    main.o(i.ConvertCorToByte) refers to daddsub_clz.o(x$fpl$drsb) for __aeabi_drsub
    main.o(i.ConvertCorToByte) refers to dmul.o(x$fpl$dmul) for __aeabi_dmul
    main.o(i.ConvertVelToByte) refers to dfix.o(x$fpl$dfix) for __aeabi_d2iz
    main.o(i.ConvertVelToByte) refers to dflt_clz.o(x$fpl$dflt) for __aeabi_i2d
    main.o(i.ConvertVelToByte) refers to daddsub_clz.o(x$fpl$drsb) for __aeabi_drsub
[...]
    i.ParsePoint                             0x0800378c   Section        0  functions.o(i.ParsePoint)
    i.ParseYaw                               0x08003ac0   Section        0  functions.o(i.ParseYaw)
    i.PendSV_Handler                         0x08003d00   Section        0  interrupt.o(i.PendSV_Handler)
    i.Pi_To_Pi                               0x08003d04   Section        0  functions.o(i.Pi_To_Pi)
    i.RCC_AHB1PeriphClockCmd                 0x08003d88   Section        0  stm32f4xx_rcc.o(i.RCC_AHB1PeriphClockCmd)
    i.RCC_APB1PeriphClockCmd                 0x08003da8   Section        0  stm32f4xx_rcc.o(i.RCC_APB1PeriphClockCmd)
    i.RCC_APB2PeriphClockCmd                 0x08003dc8   Section        0  stm32f4xx_rcc.o(i.RCC_APB2PeriphClockCmd)
    i.RCC_GetClocksFreq                      0x08003de8   Section        0  stm32f4xx_rcc.o(i.RCC_GetClocksFreq)
    i.Reset_Motor                            0x08003ed0   Section        0  motor.o(i.Reset_Motor)
    i.RobotRun                               0x08003f30   Section        0  motor.o(i.RobotRun)
    i.SVC_Handler                            0x08004000   Section        0  interrupt.o(i.SVC_Handler)
    i.SetSysClock                            0x08004004   Section        0  system_stm32f4xx.o(i.SetSysClock)
    SetSysClock                              0x08004005   Thumb Code   220  system_stm32f4xx.o(i.SetSysClock)
    i.Set_DirM1                              0x080040f0   Section        0  motor.o(i.Set_DirM1)
    i.Set_DirM2                              0x08004114   Section        0  motor.o(i.Set_DirM2)
    i.StringHeaderCompare                    0x08004138   Section        0  functions.o(i.StringHeaderCompare)
    i.SysTick_Handler                        0x0800415c   Section        0  interrupt.o(i.SysTick_Handler)
    i.SystemInit                             0x08004178   Section        0  system_stm32f4xx.o(i.SystemInit)
    i.TIM2_IRQHandler                        0x080041e0   Section        0  interrupt.o(i.TIM2_IRQHandler)
    i.TIM_ARRPreloadConfig                   0x080041f8   Section        0  stm32f4xx_tim.o(i.TIM_ARRPreloadConfig)
    i.TIM_ClearITPendingBit                  0x08004210   Section        0  stm32f4xx_tim.o(i.TIM_ClearITPendingBit)
    i.TIM_Cmd                                0x08004216   Section        0  stm32f4xx_tim.o(i.TIM_Cmd)
    i.TIM_EncoderInterfaceConfig             0x0800422e   Section        0  stm32f4xx_tim.o(i.TIM_EncoderInterfaceConfig)
    i.TIM_GetCounter                         0x08004270   Section        0  stm32f4xx_tim.o(i.TIM_GetCounter)
    i.TIM_ITConfig                           0x08004276   Section        0  stm32f4xx_tim.o(i.TIM_ITConfig)
    i.TIM_OC1Init                            0x08004288   Section        0  stm32f4xx_tim.o(i.TIM_OC1Init)
    i.TIM_OC1PreloadConfig                   0x08004304   Section        0  stm32f4xx_tim.o(i.TIM_OC1PreloadConfig)
    i.TIM_OC2Init                            0x08004318   Section        0  stm32f4xx_tim.o(i.TIM_OC2Init)
    i.TIM_OC2PreloadConfig                   0x080043bc   Section        0  stm32f4xx_tim.o(i.TIM_OC2PreloadConfig)
    i.TIM_SetCounter                         0x080043d6   Section        0  stm32f4xx_tim.o(i.TIM_SetCounter)
    i.TIM_TimeBaseInit                       0x080043dc   Section        0  stm32f4xx_tim.o(i.TIM_TimeBaseInit)
    i.Tramf_Update                           0x08004460   Section        0  functions.o(i.Tramf_Update)
    i.Tramf_function                         0x08004474   Section        0  functions.o(i.Tramf_function)
    i.Trimf_Update                           0x080045e0   Section        0  functions.o(i.Trimf_Update)
    i.Trimf_function                         0x080045f0   Section        0  functions.o(i.Trimf_function)
    i.U6_SendData                            0x08004730   Section        0  uart.o(i.U6_SendData)
    i.UART4_Config                           0x08004758   Section        0  uart.o(i.UART4_Config)
    i.UART4_IRQHandler                       0x080048fc   Section        0  interrupt.o(i.UART4_IRQHandler)
    i.USART1_Config                          0x08004930   Section        0  uart.o(i.USART1_Config)
    i.USART1_IRQHandler                      0x08004ab0   Section        0  interrupt.o(i.USART1_IRQHandler)
    i.USART2_Config                          0x08004ae4   Section        0  uart.o(i.USART2_Config)
    i.USART2_IRQHandler                      0x08004c18   Section        0  interrupt.o(i.USART2_IRQHandler)
    i.USART6_Config                          0x08004c4c   Section        0  uart.o(i.USART6_Config)
    i.USART_ClearFlag                        0x08004da8   Section        0  stm32f4xx_usart.o(i.USART_ClearFlag)
    i.USART_Cmd                              0x08004dba   Section        0  stm32f4xx_usart.o(i.USART_Cmd)
    i.USART_DMACmd                           0x08004dd2   Section        0  stm32f4xx_usart.o(i.USART_DMACmd)
    i.USART_GetITStatus                      0x08004de4   Section        0  stm32f4xx_usart.o(i.USART_GetITStatus)
    i.USART_ITConfig                         0x08004e38   Section        0  stm32f4xx_usart.o(i.USART_ITConfig)
    i.USART_Init                             0x08004e84   Section        0  stm32f4xx_usart.o(i.USART_Init)
    i.USART_ReceiveData                      0x08004f58   Section        0  stm32f4xx_usart.o(i.USART_ReceiveData)
    i.UpdateFuzzyCoefficients                0x08004f64   Section        0  functions.o(i.UpdateFuzzyCoefficients)
    i.UsageFault_Handler                     0x08004f94   Section        0  interrupt.o(i.UsageFault_Handler)
    i.__ARM_fpclassify                       0x08004f98   Section        0  fpclassify.o(i.__ARM_fpclassify)
    i.__hardfp_atan                          0x08004fc8   Section        0  atan.o(i.__hardfp_atan)
    i.__hardfp_atan2                         0x080052a0   Section        0  atan2.o(i.__hardfp_atan2)
    i.__hardfp_cos                           0x08005490   Section        0  cos.o(i.__hardfp_cos)
    i.__hardfp_fabs                          0x08005558   Section        0  fabs.o(i.__hardfp_fabs)
    i.__hardfp_log                           0x08005570   Section        0  log.o(i.__hardfp_log)
    i.__hardfp_pow                           0x08005938   Section        0  pow.o(i.__hardfp_pow)
    i.__hardfp_sin                           0x08006588   Section        0  sin.o(i.__hardfp_sin)
    i.__hardfp_sqrt                          0x08006650   Section        0  sqrt.o(i.__hardfp_sqrt)
    i.__hardfp_tan                           0x080066d0   Section        0  tan.o(i.__hardfp_tan)
    i.__ieee754_rem_pio2                     0x08006750   Section        0  rred.o(i.__ieee754_rem_pio2)
    i.__kernel_cos                           0x08006b88   Section        0  cos_i.o(i.__kernel_cos)
    i.__kernel_poly                          0x08006cf8   Section        0  poly.o(i.__kernel_poly)
    i.__kernel_sin                           0x08006df0   Section        0  sin_i.o(i.__kernel_sin)
    i.__kernel_tan                           0x08006f20   Section        0  tan_i.o(i.__kernel_tan)
    i.__mathlib_dbl_divzero                  0x08007270   Section        0  dunder.o(i.__mathlib_dbl_divzero)
    i.__mathlib_dbl_infnan                   0x080072a0   Section        0  dunder.o(i.__mathlib_dbl_infnan)
    i.__mathlib_dbl_infnan2                  0x080072b4   Section        0  dunder.o(i.__mathlib_dbl_infnan2)
    i.__mathlib_dbl_invalid                  0x080072c8   Section        0  dunder.o(i.__mathlib_dbl_invalid)
    i.__mathlib_dbl_overflow                 0x080072e8   Section        0  dunder.o(i.__mathlib_dbl_overflow)
    i.__mathlib_dbl_underflow                0x08007308   Section        0  dunder.o(i.__mathlib_dbl_underflow)
    i.atan                                   0x08007328   Section        0  atan.o(i.atan)
    i.fabs                                   0x08007338   Section        0  fabs.o(i.fabs)
    i.filter                                 0x08007350   Section        0  motor.o(i.filter)
    i.main                                   0x080073b8   Section        0  main.o(i.main)
    i.sqrt                                   0x08007568   Section        0  sqrt.o(i.sqrt)
    x$fpl$basic                              0x080075d6   Section       24  basic.o(x$fpl$basic)
    $v0                                      0x080075d6   Number         0  basic.o(x$fpl$basic)
    x$fpl$dadd                               0x080075f0   Section      336  daddsub_clz.o(x$fpl$dadd)
    $v0                                      0x080075f0   Number         0  daddsub_clz.o(x$fpl$dadd)
    _dadd1                                   0x08007601   Thumb Code     0  daddsub_clz.o(x$fpl$dadd)
    x$fpl$dcheck1                            0x08007740   Section       16  dcheck1.o(x$fpl$dcheck1)
    $v0                                      0x08007740   Number         0  dcheck1.o(x$fpl$dcheck1)
    x$fpl$dcmpinf                            0x08007750   Section       24  dcmpi.o(x$fpl$dcmpinf)
    $v0                                      0x08007750   Number         0  dcmpi.o(x$fpl$dcmpinf)
    x$fpl$ddiv                               0x08007768   Section      688  ddiv.o(x$fpl$ddiv)
    $v0                                      0x08007768   Number         0  ddiv.o(x$fpl$ddiv)
    ddiv_entry                               0x0800776f   Thumb Code     0  ddiv.o(x$fpl$ddiv)
    x$fpl$deqf                               0x08007a18   Section      120  deqf.o(x$fpl$deqf)
    $v0                                      0x08007a18   Number         0  deqf.o(x$fpl$deqf)
    x$fpl$dfix                               0x08007a90   Section       94  dfix.o(x$fpl$dfix)
    $v0                                      0x08007a90   Number         0  dfix.o(x$fpl$dfix)
    x$fpl$dfixu                              0x08007af0   Section       90  dfixu.o(x$fpl$dfixu)
    $v0                                      0x08007af0   Number         0  dfixu.o(x$fpl$dfixu)
    x$fpl$dflt                               0x08007b4a   Section       46  dflt_clz.o(x$fpl$dflt)
    $v0                                      0x08007b4a   Number         0  dflt_clz.o(x$fpl$dflt)
    x$fpl$dfltu                              0x08007b78   Section       38  dflt_clz.o(x$fpl$dfltu)
    $v0                                      0x08007b78   Number         0  dflt_clz.o(x$fpl$dfltu)
    x$fpl$dleqf                              0x08007ba0   Section      120  dleqf.o(x$fpl$dleqf)
    $v0                                      0x08007ba0   Number         0  dleqf.o(x$fpl$dleqf)
    x$fpl$dmul                               0x08007c18   Section      340  dmul.o(x$fpl$dmul)
    $v0                                      0x08007c18   Number         0  dmul.o(x$fpl$dmul)
    x$fpl$dnaninf                            0x08007d6c   Section      156  dnaninf.o(x$fpl$dnaninf)
    $v0                                      0x08007d6c   Number         0  dnaninf.o(x$fpl$dnaninf)
    x$fpl$dretinf                            0x08007e08   Section       12  dretinf.o(x$fpl$dretinf)
    $v0                                      0x08007e08   Number         0  dretinf.o(x$fpl$dretinf)
    x$fpl$drleqf                             0x08007e14   Section      108  drleqf.o(x$fpl$drleqf)
    $v0                                      0x08007e14   Number         0  drleqf.o(x$fpl$drleqf)
    x$fpl$drsb                               0x08007e80   Section       22  daddsub_clz.o(x$fpl$drsb)
    $v0                                      0x08007e80   Number         0  daddsub_clz.o(x$fpl$drsb)
    x$fpl$dsqrt                              0x08007e98   Section      408  dsqrt_umaal.o(x$fpl$dsqrt)
    $v0                                      0x08007e98   Number         0  dsqrt_umaal.o(x$fpl$dsqrt)
    x$fpl$dsub                               0x08008030   Section      468  daddsub_clz.o(x$fpl$dsub)
    $v0                                      0x08008030   Number         0  daddsub_clz.o(x$fpl$dsub)
    _dsub1                                   0x08008041   Thumb Code     0  daddsub_clz.o(x$fpl$dsub)
    x$fpl$fpinit                             0x08008204   Section       10  fpinit.o(x$fpl$fpinit)
    $v0                                      0x08008204   Number         0  fpinit.o(x$fpl$fpinit)
    x$fpl$retnan                             0x0800820e   Section      100  retnan.o(x$fpl$retnan)
    $v0                                      0x0800820e   Number         0  retnan.o(x$fpl$retnan)
    x$fpl$scalbn                             0x08008272   Section       92  scalbn.o(x$fpl$scalbn)
    $v0                                      0x08008272   Number         0  scalbn.o(x$fpl$scalbn)
    x$fpl$trapveneer                         0x080082ce   Section       48  trapv.o(x$fpl$trapveneer)
    $v0                                      0x080082ce   Number         0  trapv.o(x$fpl$trapveneer)
    x$fpl$usenofp                            0x080082fe   Section        0  usenofp.o(x$fpl$usenofp)
    .constdata                               0x08008300   Section      152  atan.o(.constdata)
    atanhi                                   0x08008300   Data          32  atan.o(.constdata)
    atanlo                                   0x08008320   Data          32  atan.o(.constdata)
    aTodd                                    0x08008340   Data          40  atan.o(.constdata)
    aTeven                                   0x08008368   Data          48  atan.o(.constdata)
    .constdata                               0x08008398   Section       56  log.o(.constdata)
    Lg2                                      0x08008398   Data          24  log.o(.constdata)
    Lg                                       0x080083b0   Data          32  log.o(.constdata)
    .constdata                               0x080083d0   Section      136  pow.o(.constdata)
    bp                                       0x080083d0   Data          16  pow.o(.constdata)
    dp_h                                     0x080083e0   Data          16  pow.o(.constdata)
    dp_l                                     0x080083f0   Data          16  pow.o(.constdata)
    L                                        0x08008400   Data          48  pow.o(.constdata)
    P                                        0x08008430   Data          40  pow.o(.constdata)
    .constdata                               0x08008458   Section       48  cos_i.o(.constdata)
    C                                        0x08008458   Data          48  cos_i.o(.constdata)
    .constdata                               0x08008488   Section        8  qnan.o(.constdata)
    .constdata                               0x08008490   Section      200  rred.o(.constdata)
    pio2s                                    0x08008490   Data          48  rred.o(.constdata)
    twooverpi                                0x080084c0   Data         152  rred.o(.constdata)
    .constdata                               0x08008558   Section       40  sin_i.o(.constdata)
    S                                        0x08008558   Data          40  sin_i.o(.constdata)
    .constdata                               0x08008580   Section       96  tan_i.o(.constdata)
    Todd                                     0x08008580   Data          48  tan_i.o(.constdata)
    Teven                                    0x080085b0   Data          48  tan_i.o(.constdata)
    .data                                    0x20000000   Section       20  system_stm32f4xx.o(.data)
    .data                                    0x20000014   Section        8  main.o(.data)
    nCount                                   0x20000014   Data           4  main.o(.data)
    .data                                    0x2000001c   Section        5  motor.o(.data)
    .data                                    0x20000024   Section       12  encoder.o(.data)
    .data                                    0x20000030   Section       32  uart.o(.data)
    .data                                    0x20000050   Section       56  functions.o(.data)
    .data                                    0x20000088   Section        8  interrupt.o(.data)
    .data                                    0x20000090   Section       16  stm32f4xx_rcc.o(.data)
    APBAHBPrescTable                         0x20000090   Data          16  stm32f4xx_rcc.o(.data)
    .bss                                     0x200000a0   Section      234  main.o(.bss)
    .bss                                     0x20000190   Section       40  motor.o(.bss)
    .bss                                     0x200001b8   Section       12  encoder.o(.bss)
    .bss                                     0x200001c4   Section      404  uart.o(.bss)
    .bss                                     0x20000358   Section      304  functions.o(.bss)
    .bss                                     0x20000488   Section    17276  gps.o(.bss)
    .bss                                     0x20004804   Section       96  libspace.o(.bss)
    HEAP                                     0x20004868   Section      512  startup_stm32f40_41xxx.o(HEAP)
    Heap_Mem                                 0x20004868   Data         512  startup_stm32f40_41xxx.o(HEAP)
    STACK                                    0x20004a68   Section     1024  startup_stm32f40_41xxx.o(STACK)
    Stack_Mem                                0x20004a68   Data        1024  startup_stm32f40_41xxx.o(STACK)
    __initial_sp                             0x20004e68   Data           0  startup_stm32f40_41xxx.o(STACK)

    Global Symbols

    Symbol Name                              Value     Ov Type        Size  Object(Section)

    BuildAttributes$$THM_ISAv4$E$P$D$K$B$S$7EM$VFPi3$EXTD16$VFPS$VFMA$PE$A:L22UL41UL21$X:L11$S22US41US21$IEEE1$IW$USESV6$~STKCKD$USESV7$~SHL$OTIME$ROPI$IEEEX$EBA8$UX$STANDARDLIB$REQ8$PRES8$EABIv2 0x00000000   Number         0  anon$$obj.o ABSOLUTE
    __ARM_use_no_argv                        0x00000000   Number         0  main.o ABSOLUTE
    __ARM_exceptions_init                     - Undefined Weak Reference
    __alloca_initialize                       - Undefined Weak Reference
    __arm_preinit_                            - Undefined Weak Reference
    __cpp_initialize__aeabi_                  - Undefined Weak Reference
    __cxa_finalize                            - Undefined Weak Reference
    __rt_locale                               - Undefined Weak Reference
    __sigvec_lookup                           - Undefined Weak Reference
    _atexit_init                              - Undefined Weak Reference
    _call_atexit_fns                          - Undefined Weak Reference
    _clock_init                               - Undefined Weak Reference
    _fp_trap_init                             - Undefined Weak Reference
    _fp_trap_shutdown                         - Undefined Weak Reference
    _get_lc_collate                           - Undefined Weak Reference
    _get_lc_ctype                             - Undefined Weak Reference
    _get_lc_monetary                          - Undefined Weak Reference
    _get_lc_numeric                           - Undefined Weak Reference
    _get_lc_time                              - Undefined Weak Reference
    _getenv_init                              - Undefined Weak Reference
    _handle_redirection                       - Undefined Weak Reference
    _init_alloc                               - Undefined Weak Reference
    _init_user_alloc                          - Undefined Weak Reference
    _initio                                   - Undefined Weak Reference
    _rand_init                                - Undefined Weak Reference
    _signal_finish                            - Undefined Weak Reference
    _signal_init                              - Undefined Weak Reference
    _terminate_alloc                          - Undefined Weak Reference
    _terminate_user_alloc                     - Undefined Weak Reference
    _terminateio                              - Undefined Weak Reference
    __Vectors_Size                           0x00000188   Number         0  startup_stm32f40_41xxx.o ABSOLUTE
    __Vectors                                0x08000000   Data           4  startup_stm32f40_41xxx.o(RESET)
    __Vectors_End                            0x08000188   Data           0  startup_stm32f40_41xxx.o(RESET)
    __main                                   0x08000189   Thumb Code     8  __main.o(!!!main)
    __scatterload                            0x08000191   Thumb Code     0  __scatter.o(!!!scatter)
    __scatterload_rt2                        0x08000191   Thumb Code    44  __scatter.o(!!!scatter)
    __scatterload_rt2_thumb_only             0x08000191   Thumb Code     0  __scatter.o(!!!scatter)
    __scatterload_null                       0x0800019f   Thumb Code     0  __scatter.o(!!!scatter)
    __scatterload_copy                       0x080001c5   Thumb Code    26  __scatter_copy.o(!!handler_copy)
    __scatterload_zeroinit                   0x080001e1   Thumb Code    28  __scatter_zi.o(!!handler_zi)
    __rt_lib_init                            0x080001fd   Thumb Code     0  libinit.o(.ARM.Collect$$libinit$$00000000)
    __rt_lib_init_fp_1                       0x080001ff   Thumb Code     0  libinit2.o(.ARM.Collect$$libinit$$00000001)
    __rt_lib_init_alloca_1                   0x08000203   Thumb Code     0  libinit2.o(.ARM.Collect$$libinit$$0000002E)
    __rt_lib_init_argv_1                     0x08000203   Thumb Code     0  libinit2.o(.ARM.Collect$$libinit$$0000002C)
    __rt_lib_init_atexit_1                   0x08000203   Thumb Code     0  libinit2.o(.ARM.Collect$$libinit$$0000001B)
    __rt_lib_init_clock_1                    0x08000203   Thumb Code     0  libinit2.o(.ARM.Collect$$libinit$$00000021)
    __rt_lib_init_cpp_1                      0x08000203   Thumb Code     0  libinit2.o(.ARM.Collect$$libinit$$00000032)
    __rt_lib_init_exceptions_1               0x08000203   Thumb Code     0  libinit2.o(.ARM.Collect$$libinit$$00000030)
    __rt_lib_init_fp_trap_1                  0x08000203   Thumb Code     0  libinit2.o(.ARM.Collect$$libinit$$0000001F)
    __rt_lib_init_getenv_1                   0x08000203   Thumb Code     0  libinit2.o(.ARM.Collect$$libinit$$00000023)
    __rt_lib_init_heap_1                     0x08000203   Thumb Code     0  libinit2.o(.ARM.Collect$$libinit$$0000000A)
    __rt_lib_init_lc_collate_1               0x08000203   Thumb Code     0  libinit2.o(.ARM.Collect$$libinit$$00000011)
    __rt_lib_init_lc_ctype_1                 0x08000203   Thumb Code     0  libinit2.o(.ARM.Collect$$libinit$$00000013)
    __rt_lib_init_lc_monetary_1              0x08000203   Thumb Code     0  libinit2.o(.ARM.Collect$$libinit$$00000015)
    __rt_lib_init_lc_numeric_1               0x08000203   Thumb Code     0  libinit2.o(.ARM.Collect$$libinit$$00000017)
    __rt_lib_init_lc_time_1                  0x08000203   Thumb Code     0  libinit2.o(.ARM.Collect$$libinit$$00000019)
    __rt_lib_init_preinit_1                  0x08000203   Thumb Code     0  libinit2.o(.ARM.Collect$$libinit$$00000004)
    __rt_lib_init_rand_1                     0x08000203   Thumb Code     0  libinit2.o(.ARM.Collect$$libinit$$0000000E)
    __rt_lib_init_return                     0x08000203   Thumb Code     0  libinit2.o(.ARM.Collect$$libinit$$00000033)
    __rt_lib_init_signal_1                   0x08000203   Thumb Code     0  libinit2.o(.ARM.Collect$$libinit$$0000001D)
    __rt_lib_init_stdio_1                    0x08000203   Thumb Code     0  libinit2.o(.ARM.Collect$$libinit$$00000025)
    __rt_lib_init_user_alloc_1               0x08000203   Thumb Code     0  libinit2.o(.ARM.Collect$$libinit$$0000000C)
    __rt_lib_shutdown                        0x08000205   Thumb Code     0  libshutdown.o(.ARM.Collect$$libshutdown$$00000000)
    __rt_lib_shutdown_cpp_1                  0x08000207   Thumb Code     0  libshutdown2.o(.ARM.Collect$$libshutdown$$00000002)
    __rt_lib_shutdown_fp_trap_1              0x08000207   Thumb Code     0  libshutdown2.o(.ARM.Collect$$libshutdown$$00000007)
    __rt_lib_shutdown_heap_1                 0x08000207   Thumb Code     0  libshutdown2.o(.ARM.Collect$$libshutdown$$0000000F)
    __rt_lib_shutdown_return                 0x08000207   Thumb Code     0  libshutdown2.o(.ARM.Collect$$libshutdown$$00000010)
    __rt_lib_shutdown_signal_1               0x08000207   Thumb Code     0  libshutdown2.o(.ARM.Collect$$libshutdown$$0000000A)
    __rt_lib_shutdown_stdio_1                0x08000207   Thumb Code     0  libshutdown2.o(.ARM.Collect$$libshutdown$$00000004)
    __rt_lib_shutdown_user_alloc_1           0x08000207   Thumb Code     0  libshutdown2.o(.ARM.Collect$$libshutdown$$0000000C)
    __rt_entry                               0x08000209   Thumb Code     0  __rtentry.o(.ARM.Collect$$rtentry$$00000000)
    __rt_entry_presh_1                       0x08000209   Thumb Code     0  __rtentry2.o(.ARM.Collect$$rtentry$$00000002)
    __rt_entry_sh                            0x08000209   Thumb Code     0  __rtentry4.o(.ARM.Collect$$rtentry$$00000004)
    __rt_entry_li                            0x0800020f   Thumb Code     0  __rtentry2.o(.ARM.Collect$$rtentry$$0000000A)
    __rt_entry_postsh_1                      0x0800020f   Thumb Code     0  __rtentry2.o(.ARM.Collect$$rtentry$$00000009)
    __rt_entry_main                          0x08000213   Thumb Code     0  __rtentry2.o(.ARM.Collect$$rtentry$$0000000D)
    __rt_entry_postli_1                      0x08000213   Thumb Code     0  __rtentry2.o(.ARM.Collect$$rtentry$$0000000C)
    __rt_exit                                0x0800021b   Thumb Code     0  rtexit.o(.ARM.Collect$$rtexit$$00000000)
    __rt_exit_ls                             0x0800021d   Thumb Code     0  rtexit2.o(.ARM.Collect$$rtexit$$00000003)
    __rt_exit_prels_1                        0x0800021d   Thumb Code     0  rtexit2.o(.ARM.Collect$$rtexit$$00000002)
    __rt_exit_exit                           0x08000221   Thumb Code     0  rtexit2.o(.ARM.Collect$$rtexit$$00000004)
    Reset_Handler                            0x08000229   Thumb Code     8  startup_stm32f40_41xxx.o(.text)
    ADC_IRQHandler                           0x08000243   Thumb Code     0  startup_stm32f40_41xxx.o(.text)
    CAN1_RX0_IRQHandler                      0x08000243   Thumb Code     0  startup_stm32f40_41xxx.o(.text)
    CAN1_RX1_IRQHandler                      0x08000243   Thumb Code     0  startup_stm32f40_41xxx.o(.text)
    CAN1_SCE_IRQHandler                      0x08000243   Thumb Code     0  startup_stm32f40_41xxx.o(.text)
    CAN1_TX_IRQHandler                       0x08000243   Thumb Code     0  startup_stm32f40_41xxx.o(.text)
    CAN2_RX0_IRQHandler                      0x08000243   Thumb Code     0  startup_stm32f40_41xxx.o(.text)
    CAN2_RX1_IRQHandler                      0x08000243   Thumb Code     0  startup_stm32f40_41xxx.o(.text)
    CAN2_SCE_IRQHandler                      0x08000243   Thumb Code     0  startup_stm32f40_41xxx.o(.text)
    CAN2_TX_IRQHandler                       0x08000243   Thumb Code     0  startup_stm32f40_41xxx.o(.text)
    CRYP_IRQHandler                          0x08000243   Thumb Code     0  startup_stm32f40_41xxx.o(.text)
    DCMI_IRQHandler                          0x08000243   Thumb Code     0  startup_stm32f40_41xxx.o(.text)
    DMA1_Stream0_IRQHandler                  0x08000243   Thumb Code     0  startup_stm32f40_41xxx.o(.text)
    DMA1_Stream1_IRQHandler                  0x08000243   Thumb Code     0  startup_stm32f40_41xxx.o(.text)
    DMA1_Stream3_IRQHandler                  0x08000243   Thumb Code     0  startup_stm32f40_41xxx.o(.text)
    DMA1_Stream7_IRQHandler                  0x08000243   Thumb Code     0  startup_stm32f40_41xxx.o(.text)
    DMA2_Stream0_IRQHandler                  0x08000243   Thumb Code     0  startup_stm32f40_41xxx.o(.text)
    DMA2_Stream1_IRQHandler                  0x08000243   Thumb Code     0  startup_stm32f40_41xxx.o(.text)
    DMA2_Stream3_IRQHandler                  0x08000243   Thumb Code     0  startup_stm32f40_41xxx.o(.text)
    DMA2_Stream4_IRQHandler                  0x08000243   Thumb Code     0  startup_stm32f40_41xxx.o(.text)
    ETH_IRQHandler                           0x08000243   Thumb Code     0  startup_stm32f40_41xxx.o(.text)
    ETH_WKUP_IRQHandler                      0x08000243   Thumb Code     0  startup_stm32f40_41xxx.o(.text)
    EXTI0_IRQHandler                         0x08000243   Thumb Code     0  startup_stm32f40_41xxx.o(.text)
    EXTI15_10_IRQHandler                     0x08000243   Thumb Code     0  startup_stm32f40_41xxx.o(.text)
    EXTI1_IRQHandler                         0x08000243   Thumb Code     0  startup_stm32f40_41xxx.o(.text)
    EXTI2_IRQHandler                         0x08000243   Thumb Code     0  startup_stm32f40_41xxx.o(.text)
    EXTI3_IRQHandler                         0x08000243   Thumb Code     0  startup_stm32f40_41xxx.o(.text)
    EXTI4_IRQHandler                         0x08000243   Thumb Code     0  startup_stm32f40_41xxx.o(.text)
    EXTI9_5_IRQHandler                       0x08000243   Thumb Code     0  startup_stm32f40_41xxx.o(.text)
    FLASH_IRQHandler                         0x08000243   Thumb Code     0  startup_stm32f40_41xxx.o(.text)
    FPU_IRQHandler                           0x08000243   Thumb Code     0  startup_stm32f40_41xxx.o(.text)
    FSMC_IRQHandler                          0x08000243   Thumb Code     0  startup_stm32f40_41xxx.o(.text)
    HASH_RNG_IRQHandler                      0x08000243   Thumb Code     0  startup_stm32f40_41xxx.o(.text)
    I2C1_ER_IRQHandler                       0x08000243   Thumb Code     0  startup_stm32f40_41xxx.o(.text)
    I2C1_EV_IRQHandler                       0x08000243   Thumb Code     0  startup_stm32f40_41xxx.o(.text)
    I2C2_ER_IRQHandler                       0x08000243   Thumb Code     0  startup_stm32f40_41xxx.o(.text)
    I2C2_EV_IRQHandler                       0x08000243   Thumb Code     0  startup_stm32f40_41xxx.o(.text)
    I2C3_ER_IRQHandler                       0x08000243   Thumb Code     0  startup_stm32f40_41xxx.o(.text)
    I2C3_EV_IRQHandler                       0x08000243   Thumb Code     0  startup_stm32f40_41xxx.o(.text)
    OTG_FS_IRQHandler                        0x08000243   Thumb Code     0  startup_stm32f40_41xxx.o(.text)
    OTG_FS_WKUP_IRQHandler                   0x08000243   Thumb Code     0  startup_stm32f40_41xxx.o(.text)
    OTG_HS_EP1_IN_IRQHandler                 0x08000243   Thumb Code     0  startup_stm32f40_41xxx.o(.text)
    OTG_HS_EP1_OUT_IRQHandler                0x08000243   Thumb Code     0  startup_stm32f40_41xxx.o(.text)
    OTG_HS_IRQHandler                        0x08000243   Thumb Code     0  startup_stm32f40_41xxx.o(.text)
    OTG_HS_WKUP_IRQHandler                   0x08000243   Thumb Code     0  startup_stm32f40_41xxx.o(.text)
    PVD_IRQHandler                           0x08000243   Thumb Code     0  startup_stm32f40_41xxx.o(.text)
    RCC_IRQHandler                           0x08000243   Thumb Code     0  startup_stm32f40_41xxx.o(.text)
    RTC_Alarm_IRQHandler                     0x08000243   Thumb Code     0  startup_stm32f40_41xxx.o(.text)
    RTC_WKUP_IRQHandler                      0x08000243   Thumb Code     0  startup_stm32f40_41xxx.o(.text)
    SDIO_IRQHandler                          0x08000243   Thumb Code     0  startup_stm32f40_41xxx.o(.text)
    SPI1_IRQHandler                          0x08000243   Thumb Code     0  startup_stm32f40_41xxx.o(.text)
    SPI2_IRQHandler                          0x08000243   Thumb Code     0  startup_stm32f40_41xxx.o(.text)
    SPI3_IRQHandler                          0x08000243   Thumb Code     0  startup_stm32f40_41xxx.o(.text)
    TAMP_STAMP_IRQHandler                    0x08000243   Thumb Code     0  startup_stm32f40_41xxx.o(.text)
    TIM1_BRK_TIM9_IRQHandler                 0x08000243   Thumb Code     0  startup_stm32f40_41xxx.o(.text)
    TIM1_CC_IRQHandler                       0x08000243   Thumb Code     0  startup_stm32f40_41xxx.o(.text)
    TIM1_TRG_COM_TIM11_IRQHandler            0x08000243   Thumb Code     0  startup_stm32f40_41xxx.o(.text)
    TIM1_UP_TIM10_IRQHandler                 0x08000243   Thumb Code     0  startup_stm32f40_41xxx.o(.text)
    TIM3_IRQHandler                          0x08000243   Thumb Code     0  startup_stm32f40_41xxx.o(.text)
    TIM4_IRQHandler                          0x08000243   Thumb Code     0  startup_stm32f40_41xxx.o(.text)
    TIM5_IRQHandler                          0x08000243   Thumb Code     0  startup_stm32f40_41xxx.o(.text)
    TIM6_DAC_IRQHandler                      0x08000243   Thumb Code     0  startup_stm32f40_41xxx.o(.text)
    TIM7_IRQHandler                          0x08000243   Thumb Code     0  startup_stm32f40_41xxx.o(.text)
    TIM8_BRK_TIM12_IRQHandler                0x08000243   Thumb Code     0  startup_stm32f40_41xxx.o(.text)
    TIM8_CC_IRQHandler                       0x08000243   Thumb Code     0  startup_stm32f40_41xxx.o(.text)
    TIM8_TRG_COM_TIM14_IRQHandler            0x08000243   Thumb Code     0  startup_stm32f40_41xxx.o(.text)
    TIM8_UP_TIM13_IRQHandler                 0x08000243   Thumb Code     0  startup_stm32f40_41xxx.o(.text)
    UART5_IRQHandler                         0x08000243   Thumb Code     0  startup_stm32f40_41xxx.o(.text)
    USART3_IRQHandler                        0x08000243   Thumb Code     0  startup_stm32f40_41xxx.o(.text)
    USART6_IRQHandler                        0x08000243   Thumb Code     0  startup_stm32f40_41xxx.o(.text)
    WWDG_IRQHandler                          0x08000243   Thumb Code     0  startup_stm32f40_41xxx.o(.text)
    __user_initial_stackheap                 0x08000245   Thumb Code     0  startup_stm32f40_41xxx.o(.text)
    __aeabi_memclr                           0x08000269   Thumb Code     0  rt_memclr.o(.text)
    __rt_memclr                              0x08000269   Thumb Code    68  rt_memclr.o(.text)
    _memset                                  0x0800026d   Thumb Code     0  rt_memclr.o(.text)
    __aeabi_memclr4                          0x080002ad   Thumb Code     0  rt_memclr_w.o(.text)
    __aeabi_memclr8                          0x080002ad   Thumb Code     0  rt_memclr_w.o(.text)
    __rt_memclr_w                            0x080002ad   Thumb Code    78  rt_memclr_w.o(.text)
    _memset_w                                0x080002b1   Thumb Code     0  rt_memclr_w.o(.text)
    __use_two_region_memory                  0x080002fb   Thumb Code     2  heapauxi.o(.text)
    __rt_heap_escrow$2region                 0x080002fd   Thumb Code     2  heapauxi.o(.text)
    __rt_heap_expand$2region                 0x080002ff   Thumb Code     2  heapauxi.o(.text)
    __read_errno                             0x08000301   Thumb Code    10  _rserrno.o(.text)
    __set_errno                              0x0800030b   Thumb Code    12  _rserrno.o(.text)
    __aeabi_errno_addr                       0x08000319   Thumb Code     8  rt_errno_addr_intlibspace.o(.text)
    __errno$intlibspace                      0x08000319   Thumb Code     0  rt_errno_addr_intlibspace.o(.text)
    __rt_errno_addr$intlibspace              0x08000319   Thumb Code     0  rt_errno_addr_intlibspace.o(.text)
    __user_libspace                          0x08000321   Thumb Code     8  libspace.o(.text)
    __user_perproc_libspace                  0x08000321   Thumb Code     0  libspace.o(.text)
    __user_perthread_libspace                0x08000321   Thumb Code     0  libspace.o(.text)
    __user_setup_stackheap                   0x08000329   Thumb Code    74  sys_stackheap_outer.o(.text)
    exit                                     0x08000373   Thumb Code    18  exit.o(.text)
    _sys_exit                                0x08000385   Thumb Code     8  sys_exit.o(.text)
    __I$use$semihosting                      0x08000391   Thumb Code     0  use_no_semi.o(.text)
    __use_no_semihosting_swi                 0x08000391   Thumb Code     2  use_no_semi.o(.text)
    BusFault_Handler                         0x08000393   Thumb Code     4  interrupt.o(i.BusFault_Handler)
    __semihosting_library_function           0x08000393   Thumb Code     0  indicate_semi.o(.text)
    Configure                                0x08000399   Thumb Code   132  main.o(i.Configure)
    ConvertCorToByte                         0x08000429   Thumb Code   228  main.o(i.ConvertCorToByte)
    ConvertYawToByte                         0x08000525   Thumb Code   126  main.o(i.ConvertYawToByte)
    DMA1_Stream2_IRQHandler                  0x080005b5   Thumb Code    12  interrupt.o(i.DMA1_Stream2_IRQHandler)
    DMA1_Stream4_IRQHandler                  0x080005c9   Thumb Code    12  interrupt.o(i.DMA1_Stream4_IRQHandler)
    DMA1_Stream5_IRQHandler                  0x080005dd   Thumb Code    60  interrupt.o(i.DMA1_Stream5_IRQHandler)
    DMA1_Stream6_IRQHandler                  0x08000635   Thumb Code    12  interrupt.o(i.DMA1_Stream6_IRQHandler)
    DMA2_Stream2_IRQHandler                  0x08000649   Thumb Code   642  interrupt.o(i.DMA2_Stream2_IRQHandler)
    DMA2_Stream5_IRQHandler                  0x0800092d   Thumb Code   156  interrupt.o(i.DMA2_Stream5_IRQHandler)
    DMA2_Stream6_IRQHandler                  0x080009e9   Thumb Code    12  interrupt.o(i.DMA2_Stream6_IRQHandler)
    DMA2_Stream7_IRQHandler                  0x080009fd   Thumb Code    14  interrupt.o(i.DMA2_Stream7_IRQHandler)
    DMA_ClearFlag                            0x08000a11   Thumb Code    38  stm32f4xx_dma.o(i.DMA_ClearFlag)
    DMA_ClearITPendingBit                    0x08000a45   Thumb Code    38  stm32f4xx_dma.o(i.DMA_ClearITPendingBit)
    DMA_Cmd                                  0x08000a79   Thumb Code    22  stm32f4xx_dma.o(i.DMA_Cmd)
    DMA_ITConfig                             0x08000a8f   Thumb Code    58  stm32f4xx_dma.o(i.DMA_ITConfig)
    DMA_Init                                 0x08000ac9   Thumb Code    82  stm32f4xx_dma.o(i.DMA_Init)
    DebugMon_Handler                         0x08000b21   Thumb Code     2  interrupt.o(i.DebugMon_Handler)
    Defuzzification_Max_Min                  0x08000b25   Thumb Code  1290  functions.o(i.Defuzzification_Max_Min)
    Degree_To_Degree                         0x0800103d   Thumb Code   106  functions.o(i.Degree_To_Degree)
    EncoderRead                              0x080010c1   Thumb Code   156  motor.o(i.EncoderRead)
    Encoder_Config_M1                        0x08001171   Thumb Code   134  encoder.o(i.Encoder_Config_M1)
    Encoder_Config_M2                        0x08001209   Thumb Code   136  encoder.o(i.Encoder_Config_M2)
    Fuzzy_Max                                0x080012a1   Thumb Code    92  functions.o(i.Fuzzy_Max)
    Fuzzy_ParametersInit                     0x080012fd   Thumb Code   234  main.o(i.Fuzzy_ParametersInit)
    GPIO_Config                              0x080014c5   Thumb Code    38  encoder.o(i.GPIO_Config)
    GPIO_Init                                0x080014f5   Thumb Code   144  stm32f4xx_gpio.o(i.GPIO_Init)
    GPIO_PinAFConfig                         0x08001585   Thumb Code    70  stm32f4xx_gpio.o(i.GPIO_PinAFConfig)
    GPIO_WriteBit                            0x080015cb   Thumb Code    10  stm32f4xx_gpio.o(i.GPIO_WriteBit)
    GPS_DMS_To_DD                            0x080015d5   Thumb Code   118  gps.o(i.GPS_DMS_To_DD)
    GPS_LatLonToUTM                          0x0800165d   Thumb Code  2100  gps.o(i.GPS_LatLonToUTM)
    GPS_NMEA_Message                         0x08001ed1   Thumb Code   148  gps.o(i.GPS_NMEA_Message)
    GPS_ParametersInit                       0x08001f6d   Thumb Code    40  gps.o(i.GPS_ParametersInit)
    GPS_StanleyCompute                       0x08001fad   Thumb Code   632  main.o(i.GPS_StanleyCompute)
    GPS_StanleyControl                       0x08002259   Thumb Code  2532  functions.o(i.GPS_StanleyControl)
    GPS_StringCompare                        0x08002c5d   Thumb Code    32  gps.o(i.GPS_StringCompare)
    GPS_StringToLat                          0x08002c7d   Thumb Code   182  gps.o(i.GPS_StringToLat)
    GPS_StringToLng                          0x08002d45   Thumb Code   164  gps.o(i.GPS_StringToLng)
    GetMessageInfo                           0x08002df9   Thumb Code   110  gps.o(i.GetMessageInfo)
    GetValueFromString                       0x08002e69   Thumb Code   484  gps.o(i.GetValueFromString)
    HardFault_Handler                        0x0800306d   Thumb Code     4  interrupt.o(i.HardFault_Handler)
    IMU_UpdateFuzzyInput                     0x08003071   Thumb Code   354  functions.o(i.IMU_UpdateFuzzyInput)
    InTimer_Config                           0x080031f1   Thumb Code   102  encoder.o(i.InTimer_Config)
    Init_Parameters                          0x0800325d   Thumb Code   112  main.o(i.Init_Parameters)
    MPS2RPM                                  0x08003345   Thumb Code    56  functions.o(i.MPS2RPM)
    MemManage_Handler                        0x0800338d   Thumb Code     4  interrupt.o(i.MemManage_Handler)
    NMI_Handler                              0x08003391   Thumb Code     2  interrupt.o(i.NMI_Handler)
    NVIC_Init                                0x08003395   Thumb Code   106  misc.o(i.NVIC_Init)
    PID_Compute                              0x0800340d   Thumb Code   594  motor.o(i.PID_Compute)
    PID_ResetPID                             0x08003681   Thumb Code    66  motor.o(i.PID_ResetPID)
    PID_Set                                  0x080036cd   Thumb Code    14  motor.o(i.PID_Set)
    PID_UpdateSetVel                         0x080036db   Thumb Code     6  motor.o(i.PID_UpdateSetVel)
    PWM_Config                               0x080036e1   Thumb Code   156  encoder.o(i.PWM_Config)
    ParsePoint                               0x0800378d   Thumb Code   796  functions.o(i.ParsePoint)
    ParseYaw                                 0x08003ac1   Thumb Code   568  functions.o(i.ParseYaw)
    PendSV_Handler                           0x08003d01   Thumb Code     2  interrupt.o(i.PendSV_Handler)
    Pi_To_Pi                                 0x08003d05   Thumb Code   106  functions.o(i.Pi_To_Pi)
    RCC_AHB1PeriphClockCmd                   0x08003d89   Thumb Code    26  stm32f4xx_rcc.o(i.RCC_AHB1PeriphClockCmd)
    RCC_APB1PeriphClockCmd                   0x08003da9   Thumb Code    26  stm32f4xx_rcc.o(i.RCC_APB1PeriphClockCmd)
    RCC_APB2PeriphClockCmd                   0x08003dc9   Thumb Code    26  stm32f4xx_rcc.o(i.RCC_APB2PeriphClockCmd)
    RCC_GetClocksFreq                        0x08003de9   Thumb Code   214  stm32f4xx_rcc.o(i.RCC_GetClocksFreq)
    Reset_Motor                              0x08003ed1   Thumb Code    70  motor.o(i.Reset_Motor)
    RobotRun                                 0x08003f31   Thumb Code   180  motor.o(i.RobotRun)
    SVC_Handler                              0x08004001   Thumb Code     2  interrupt.o(i.SVC_Handler)
    Set_DirM1                                0x080040f1   Thumb Code    32  motor.o(i.Set_DirM1)
    Set_DirM2                                0x08004115   Thumb Code    32  motor.o(i.Set_DirM2)
    StringHeaderCompare                      0x08004139   Thumb Code    34  functions.o(i.StringHeaderCompare)
    SysTick_Handler                          0x0800415d   Thumb Code    18  interrupt.o(i.SysTick_Handler)
    SystemInit                               0x08004179   Thumb Code    88  system_stm32f4xx.o(i.SystemInit)
    TIM2_IRQHandler                          0x080041e1   Thumb Code    18  interrupt.o(i.TIM2_IRQHandler)
    TIM_ARRPreloadConfig                     0x080041f9   Thumb Code    24  stm32f4xx_tim.o(i.TIM_ARRPreloadConfig)
    TIM_ClearITPendingBit                    0x08004211   Thumb Code     6  stm32f4xx_tim.o(i.TIM_ClearITPendingBit)
    TIM_Cmd                                  0x08004217   Thumb Code    24  stm32f4xx_tim.o(i.TIM_Cmd)
    TIM_EncoderInterfaceConfig               0x0800422f   Thumb Code    66  stm32f4xx_tim.o(i.TIM_EncoderInterfaceConfig)
    TIM_GetCounter                           0x08004271   Thumb Code     6  stm32f4xx_tim.o(i.TIM_GetCounter)
    TIM_ITConfig                             0x08004277   Thumb Code    18  stm32f4xx_tim.o(i.TIM_ITConfig)
    TIM_OC1Init                              0x08004289   Thumb Code   114  stm32f4xx_tim.o(i.TIM_OC1Init)
    TIM_OC1PreloadConfig                     0x08004305   Thumb Code    18  stm32f4xx_tim.o(i.TIM_OC1PreloadConfig)
    TIM_OC2Init                              0x08004319   Thumb Code   154  stm32f4xx_tim.o(i.TIM_OC2Init)
    TIM_OC2PreloadConfig                     0x080043bd   Thumb Code    26  stm32f4xx_tim.o(i.TIM_OC2PreloadConfig)
    TIM_SetCounter                           0x080043d7   Thumb Code     4  stm32f4xx_tim.o(i.TIM_SetCounter)
    TIM_TimeBaseInit                         0x080043dd   Thumb Code   104  stm32f4xx_tim.o(i.TIM_TimeBaseInit)
    Tramf_Update                             0x08004461   Thumb Code    18  functions.o(i.Tramf_Update)
    Tramf_function                           0x08004475   Thumb Code   346  functions.o(i.Tramf_function)
    Trimf_Update                             0x080045e1   Thumb Code    14  functions.o(i.Trimf_Update)
    Trimf_function                           0x080045f1   Thumb Code   310  functions.o(i.Trimf_function)
    U6_SendData                              0x08004731   Thumb Code    30  uart.o(i.U6_SendData)
    UART4_Config                             0x08004759   Thumb Code   382  uart.o(i.UART4_Config)
    UART4_IRQHandler                         0x080048fd   Thumb Code    42  interrupt.o(i.UART4_IRQHandler)
    USART1_Config                            0x08004931   Thumb Code   346  uart.o(i.USART1_Config)
    USART1_IRQHandler                        0x08004ab1   Thumb Code    42  interrupt.o(i.USART1_IRQHandler)
    USART2_Config                            0x08004ae5   Thumb Code   276  uart.o(i.USART2_Config)
    USART2_IRQHandler                        0x08004c19   Thumb Code    42  interrupt.o(i.USART2_IRQHandler)
    USART6_Config                            0x08004c4d   Thumb Code   312  uart.o(i.USART6_Config)
    USART_ClearFlag                          0x08004da9   Thumb Code    18  stm32f4xx_usart.o(i.USART_ClearFlag)
    USART_Cmd                                0x08004dbb   Thumb Code    24  stm32f4xx_usart.o(i.USART_Cmd)
    USART_DMACmd                             0x08004dd3   Thumb Code    18  stm32f4xx_usart.o(i.USART_DMACmd)
    USART_GetITStatus                        0x08004de5   Thumb Code    84  stm32f4xx_usart.o(i.USART_GetITStatus)
    USART_ITConfig                           0x08004e39   Thumb Code    74  stm32f4xx_usart.o(i.USART_ITConfig)
    USART_Init                               0x08004e85   Thumb Code   204  stm32f4xx_usart.o(i.USART_Init)
    USART_ReceiveData                        0x08004f59   Thumb Code    10  stm32f4xx_usart.o(i.USART_ReceiveData)
    UpdateFuzzyCoefficients                  0x08004f65   Thumb Code    38  functions.o(i.UpdateFuzzyCoefficients)
    UsageFault_Handler                       0x08004f95   Thumb Code     4  interrupt.o(i.UsageFault_Handler)
    __ARM_fpclassify                         0x08004f99   Thumb Code    48  fpclassify.o(i.__ARM_fpclassify)
    __hardfp_atan                            0x08004fc9   Thumb Code   622  atan.o(i.__hardfp_atan)
    __hardfp_atan2                           0x080052a1   Thumb Code   432  atan2.o(i.__hardfp_atan2)
    __hardfp_cos                             0x08005491   Thumb Code   180  cos.o(i.__hardfp_cos)
    __hardfp_fabs                            0x08005559   Thumb Code    20  fabs.o(i.__hardfp_fabs)
    __hardfp_log                             0x08005571   Thumb Code   872  log.o(i.__hardfp_log)
    __hardfp_pow                             0x08005939   Thumb Code  3072  pow.o(i.__hardfp_pow)
    __hardfp_sin                             0x08006589   Thumb Code   180  sin.o(i.__hardfp_sin)
    __hardfp_sqrt                            0x08006651   Thumb Code   122  sqrt.o(i.__hardfp_sqrt)
    __hardfp_tan                             0x080066d1   Thumb Code   108  tan.o(i.__hardfp_tan)
    __ieee754_rem_pio2                       0x08006751   Thumb Code   938  rred.o(i.__ieee754_rem_pio2)
    __kernel_cos                             0x08006b89   Thumb Code   322  cos_i.o(i.__kernel_cos)
    __kernel_poly                            0x08006cf9   Thumb Code   248  poly.o(i.__kernel_poly)
    __kernel_sin                             0x08006df1   Thumb Code   280  sin_i.o(i.__kernel_sin)
    __kernel_tan                             0x08006f21   Thumb Code   764  tan_i.o(i.__kernel_tan)
    __mathlib_dbl_divzero                    0x08007271   Thumb Code    28  dunder.o(i.__mathlib_dbl_divzero)
    __mathlib_dbl_infnan                     0x080072a1   Thumb Code    20  dunder.o(i.__mathlib_dbl_infnan)
    __mathlib_dbl_infnan2                    0x080072b5   Thumb Code    20  dunder.o(i.__mathlib_dbl_infnan2)
    __mathlib_dbl_invalid                    0x080072c9   Thumb Code    24  dunder.o(i.__mathlib_dbl_invalid)
    __mathlib_dbl_overflow                   0x080072e9   Thumb Code    24  dunder.o(i.__mathlib_dbl_overflow)
    __mathlib_dbl_underflow                  0x08007309   Thumb Code    24  dunder.o(i.__mathlib_dbl_underflow)
    atan                                     0x08007329   Thumb Code    16  atan.o(i.atan)
    fabs                                     0x08007339   Thumb Code    24  fabs.o(i.fabs)
    filter                                   0x08007351   Thumb Code    96  motor.o(i.filter)
    main                                     0x080073b9   Thumb Code   380  main.o(i.main)
    sqrt                                     0x08007569   Thumb Code   110  sqrt.o(i.sqrt)
    __aeabi_dneg                             0x080075d7   Thumb Code     0  basic.o(x$fpl$basic)
    _dneg                                    0x080075d7   Thumb Code     6  basic.o(x$fpl$basic)
    __aeabi_fneg                             0x080075dd   Thumb Code     0  basic.o(x$fpl$basic)
    _fneg                                    0x080075dd   Thumb Code     6  basic.o(x$fpl$basic)
    _dabs                                    0x080075e3   Thumb Code     6  basic.o(x$fpl$basic)
    _fabs                                    0x080075e9   Thumb Code     6  basic.o(x$fpl$basic)
    __aeabi_dadd                             0x080075f1   Thumb Code     0  daddsub_clz.o(x$fpl$dadd)
    _dadd                                    0x080075f1   Thumb Code   332  daddsub_clz.o(x$fpl$dadd)
    __fpl_dcheck_NaN1                        0x08007741   Thumb Code    10  dcheck1.o(x$fpl$dcheck1)
    __fpl_dcmp_Inf                           0x08007751   Thumb Code    24  dcmpi.o(x$fpl$dcmpinf)
    __aeabi_ddiv                             0x08007769   Thumb Code     0  ddiv.o(x$fpl$ddiv)
    _ddiv                                    0x08007769   Thumb Code   552  ddiv.o(x$fpl$ddiv)
    __aeabi_cdcmpeq                          0x08007a19   Thumb Code     0  deqf.o(x$fpl$deqf)
    _dcmpeq                                  0x08007a19   Thumb Code   120  deqf.o(x$fpl$deqf)
    __aeabi_d2iz                             0x08007a91   Thumb Code     0  dfix.o(x$fpl$dfix)
    _dfix                                    0x08007a91   Thumb Code    94  dfix.o(x$fpl$dfix)
    __aeabi_d2uiz                            0x08007af1   Thumb Code     0  dfixu.o(x$fpl$dfixu)
    _dfixu                                   0x08007af1   Thumb Code    90  dfixu.o(x$fpl$dfixu)
    __aeabi_i2d                              0x08007b4b   Thumb Code     0  dflt_clz.o(x$fpl$dflt)
    _dflt                                    0x08007b4b   Thumb Code    46  dflt_clz.o(x$fpl$dflt)
    __aeabi_ui2d                             0x08007b79   Thumb Code     0  dflt_clz.o(x$fpl$dfltu)
    _dfltu                                   0x08007b79   Thumb Code    38  dflt_clz.o(x$fpl$dfltu)
    __aeabi_cdcmple                          0x08007ba1   Thumb Code     0  dleqf.o(x$fpl$dleqf)
    _dcmple                                  0x08007ba1   Thumb Code   120  dleqf.o(x$fpl$dleqf)
    __fpl_dcmple_InfNaN                      0x08007c03   Thumb Code     0  dleqf.o(x$fpl$dleqf)
    __aeabi_dmul                             0x08007c19   Thumb Code     0  dmul.o(x$fpl$dmul)
    _dmul                                    0x08007c19   Thumb Code   332  dmul.o(x$fpl$dmul)
    __fpl_dnaninf                            0x08007d6d   Thumb Code   156  dnaninf.o(x$fpl$dnaninf)
    __fpl_dretinf                            0x08007e09   Thumb Code    12  dretinf.o(x$fpl$dretinf)
    __aeabi_cdrcmple                         0x08007e15   Thumb Code     0  drleqf.o(x$fpl$drleqf)
    _drcmple                                 0x08007e15   Thumb Code   108  drleqf.o(x$fpl$drleqf)
    __aeabi_drsub                            0x08007e81   Thumb Code     0  daddsub_clz.o(x$fpl$drsb)
    _drsb                                    0x08007e81   Thumb Code    22  daddsub_clz.o(x$fpl$drsb)
    _dsqrt                                   0x08007e99   Thumb Code   404  dsqrt_umaal.o(x$fpl$dsqrt)
    __aeabi_dsub                             0x08008031   Thumb Code     0  daddsub_clz.o(x$fpl$dsub)
    _dsub                                    0x08008031   Thumb Code   464  daddsub_clz.o(x$fpl$dsub)
    _fp_init                                 0x08008205   Thumb Code    10  fpinit.o(x$fpl$fpinit)
    __fplib_config_fpu_vfp                   0x0800820d   Thumb Code     0  fpinit.o(x$fpl$fpinit)
    __fplib_config_pureend_doubles           0x0800820d   Thumb Code     0  fpinit.o(x$fpl$fpinit)
    __fpl_return_NaN                         0x0800820f   Thumb Code   100  retnan.o(x$fpl$retnan)
    __ARM_scalbn                             0x08008273   Thumb Code    92  scalbn.o(x$fpl$scalbn)
    __fpl_cmpreturn                          0x080082cf   Thumb Code    48  trapv.o(x$fpl$trapveneer)
    __I$use$fp                               0x080082fe   Number         0  usenofp.o(x$fpl$usenofp)
    __mathlib_zero                           0x08008488   Data           8  qnan.o(.constdata)
    Region$$Table$$Base                      0x080085e0   Number         0  anon$$obj.o(Region$$Table)
    Region$$Table$$Limit                     0x08008600   Number         0  anon$$obj.o(Region$$Table)
    SystemCoreClock                          0x20000000   Data           4  system_stm32f4xx.o(.data)
    AHBPrescTable                            0x20000004   Data          16  system_stm32f4xx.o(.data)
    bVMOV                                    0x20000018   Data           4  main.o(.data)
    robot_status                             0x2000001c   Data           5  motor.o(.data)
    En_GPIO_Struct                           0x20000024   Data           8  encoder.o(.data)
    En_NVIC_Struct                           0x2000002c   Data           4  encoder.o(.data)
    U1_RxBuffer                              0x20000030   Data           6  uart.o(.data)
    U2_TxBuffer                              0x20000036   Data           1  uart.o(.data)
    U4_TxBuffer                              0x20000037   Data           2  uart.o(.data)
    U4_RxBuffer                              0x20000039   Data           2  uart.o(.data)
    g_bDataAvailable                         0x2000003b   Data           1  uart.o(.data)
    bCmd                                     0x2000003c   Data           4  uart.o(.data)
    STX                                      0x20000040   Data           1  uart.o(.data)
    ETX                                      0x20000041   Data           1  uart.o(.data)
    ACK                                      0x20000042   Data           1  uart.o(.data)
    SYN                                      0x20000043   Data           1  uart.o(.data)
    US_GPIO_Struct                           0x20000044   Data           8  uart.o(.data)
    US_NVIC_Struct                           0x2000004c   Data           4  uart.o(.data)
    NB                                       0x20000050   Data           8  functions.o(.data)
    NM                                       0x20000058   Data           8  functions.o(.data)
    NS                                       0x20000060   Data           8  functions.o(.data)
    ZE                                       0x20000068   Data           8  functions.o(.data)
    PS                                       0x20000070   Data           8  functions.o(.data)
    PM                                       0x20000078   Data           8  functions.o(.data)
    PB                                       0x20000080   Data           8  functions.o(.data)
    tick_count                               0x20000088   Data           4  interrupt.o(.data)
    tick_flag                                0x2000008c   Data           4  interrupt.o(.data)
    MOTOR1                                   0x200000a0   Data         112  main.o(.bss)
    MOTOR2                                   0x20000110   Data         112  main.o(.bss)
    data                                     0x20000180   Data          10  main.o(.bss)
    Timer                                    0x20000190   Data          16  motor.o(.bss)
    Veh                                      0x200001a0   Data          24  motor.o(.bss)
    En_TIM_BaseStruct                        0x200001b8   Data          12  encoder.o(.bss)
    U1_TxBuffer                              0x200001c4   Data          60  uart.o(.bss)
    U2_RxBuffer                              0x20000200   Data         100  uart.o(.bss)
    U6_TxBuffer                              0x20000264   Data          84  uart.o(.bss)
    U6_RxBuffer                              0x200002b8   Data          84  uart.o(.bss)
    US_DMA_Struct                            0x2000030c   Data          60  uart.o(.bss)
    US_USART_Struct                          0x20000348   Data          16  uart.o(.bss)
    In1_NS                                   0x20000358   Data          24  functions.o(.bss)
    In1_ZE                                   0x20000370   Data          24  functions.o(.bss)
    In1_PS                                   0x20000388   Data          24  functions.o(.bss)
    In2_ZE                                   0x200003a0   Data          24  functions.o(.bss)
    In1_NB                                   0x200003b8   Data          32  functions.o(.bss)
    In1_PB                                   0x200003d8   Data          32  functions.o(.bss)
    In2_NE                                   0x200003f8   Data          32  functions.o(.bss)
    In2_PO                                   0x20000418   Data          32  functions.o(.bss)
    Fuzzy                                    0x20000438   Data          80  functions.o(.bss)
    GPS_M8P                                  0x20000488   Data       16976  gps.o(.bss)
    Message                                  0x200046d8   Data         300  gps.o(.bss)
    __libspace_start                         0x20004804   Data          96  libspace.o(.bss)
    __temporary_stack_top$libspace           0x20004864   Data           0  libspace.o(.bss)



==============================================================================

Memory Map of the image

  Image Entry point : 0x08000229

  Load Region LR_1 (Base: 0x08000000, Size: 0x000086a0, Max: 0xffffffff, ABSOLUTE)

    Execution Region ER_RO (Exec base: 0x08000000, Load base: 0x08000000, Size: 0x00008600, Max: 0xffffffff, ABSOLUTE)

    Exec Addr    Load Addr    Size         Type   Attr      Idx    E Section Name        Object

    0x08000000   0x08000000   0x00000188   Data   RO            3    RESET               startup_stm32f40_41xxx.o
    0x08000188   0x08000188   0x00000008   Code   RO         2262  * !!!main             c_w.l(__main.o)
    0x08000190   0x08000190   0x00000034   Code   RO         2624    !!!scatter          c_w.l(__scatter.o)
    0x080001c4   0x080001c4   0x0000001a   Code   RO         2626    !!handler_copy      c_w.l(__scatter_copy.o)
    0x080001de   0x080001de   0x00000002   PAD
    0x080001e0   0x080001e0   0x0000001c   Code   RO         2628    !!handler_zi        c_w.l(__scatter_zi.o)
    0x080001fc   0x080001fc   0x00000002   Code   RO         2493    .ARM.Collect$$libinit$$00000000  c_w.l(libinit.o)
    0x080001fe   0x080001fe   0x00000004   Code   RO         2498    .ARM.Collect$$libinit$$00000001  c_w.l(libinit2.o)
    0x08000202   0x08000202   0x00000000   Code   RO         2501    .ARM.Collect$$libinit$$00000004  c_w.l(libinit2.o)
    0x08000202   0x08000202   0x00000000   Code   RO         2504    .ARM.Collect$$libinit$$0000000A  c_w.l(libinit2.o)
    0x08000202   0x08000202   0x00000000   Code   RO         2506    .ARM.Collect$$libinit$$0000000C  c_w.l(libinit2.o)
    0x08000202   0x08000202   0x00000000   Code   RO         2508    .ARM.Collect$$libinit$$0000000E  c_w.l(libinit2.o)
    0x08000202   0x08000202   0x00000000   Code   RO         2511    .ARM.Collect$$libinit$$00000011  c_w.l(libinit2.o)
    0x08000202   0x08000202   0x00000000   Code   RO         2513    .ARM.Collect$$libinit$$00000013  c_w.l(libinit2.o)
    0x08000202   0x08000202   0x00000000   Code   RO         2515    .ARM.Collect$$libinit$$00000015  c_w.l(libinit2.o)
    0x08000202   0x08000202   0x00000000   Code   RO         2517    .ARM.Collect$$libinit$$00000017  c_w.l(libinit2.o)
    0x08000202   0x08000202   0x00000000   Code   RO         2519    .ARM.Collect$$libinit$$00000019  c_w.l(libinit2.o)
    0x08000202   0x08000202   0x00000000   Code   RO         2521    .ARM.Collect$$libinit$$0000001B  c_w.l(libinit2.o)
    0x08000202   0x08000202   0x00000000   Code   RO         2523    .ARM.Collect$$libinit$$0000001D  c_w.l(libinit2.o)
    0x08000202   0x08000202   0x00000000   Code   RO         2525    .ARM.Collect$$libinit$$0000001F  c_w.l(libinit2.o)
    0x08000202   0x08000202   0x00000000   Code   RO         2527    .ARM.Collect$$libinit$$00000021  c_w.l(libinit2.o)
    0x08000202   0x08000202   0x00000000   Code   RO         2529    .ARM.Collect$$libinit$$00000023  c_w.l(libinit2.o)
    0x08000202   0x08000202   0x00000000   Code   RO         2531    .ARM.Collect$$libinit$$00000025  c_w.l(libinit2.o)
    0x08000202   0x08000202   0x00000000   Code   RO         2535    .ARM.Collect$$libinit$$0000002C  c_w.l(libinit2.o)
    0x08000202   0x08000202   0x00000000   Code   RO         2537    .ARM.Collect$$libinit$$0000002E  c_w.l(libinit2.o)
    0x08000202   0x08000202   0x00000000   Code   RO         2539    .ARM.Collect$$libinit$$00000030  c_w.l(libinit2.o)
    0x08000202   0x08000202   0x00000000   Code   RO         2541    .ARM.Collect$$libinit$$00000032  c_w.l(libinit2.o)
    0x08000202   0x08000202   0x00000002   Code   RO         2542    .ARM.Collect$$libinit$$00000033  c_w.l(libinit2.o)
    0x08000204   0x08000204   0x00000002   Code   RO         2564    .ARM.Collect$$libshutdown$$00000000  c_w.l(libshutdown.o)
    0x08000206   0x08000206   0x00000000   Code   RO         2577    .ARM.Collect$$libshutdown$$00000002  c_w.l(libshutdown2.o)
    0x08000206   0x08000206   0x00000000   Code   RO         2579    .ARM.Collect$$libshutdown$$00000004  c_w.l(libshutdown2.o)
    0x08000206   0x08000206   0x00000000   Code   RO         2582    .ARM.Collect$$libshutdown$$00000007  c_w.l(libshutdown2.o)
    0x08000206   0x08000206   0x00000000   Code   RO         2585    .ARM.Collect$$libshutdown$$0000000A  c_w.l(libshutdown2.o)
    0x08000206   0x08000206   0x00000000   Code   RO         2587    .ARM.Collect$$libshutdown$$0000000C  c_w.l(libshutdown2.o)
    0x08000206   0x08000206   0x00000000   Code   RO         2590    .ARM.Collect$$libshutdown$$0000000F  c_w.l(libshutdown2.o)
    0x08000206   0x08000206   0x00000002   Code   RO         2591    .ARM.Collect$$libshutdown$$00000010  c_w.l(libshutdown2.o)
    0x08000208   0x08000208   0x00000000   Code   RO         2406    .ARM.Collect$$rtentry$$00000000  c_w.l(__rtentry.o)
    0x08000208   0x08000208   0x00000000   Code   RO         2460    .ARM.Collect$$rtentry$$00000002  c_w.l(__rtentry2.o)
    0x08000208   0x08000208   0x00000006   Code   RO         2472    .ARM.Collect$$rtentry$$00000004  c_w.l(__rtentry4.o)
    0x0800020e   0x0800020e   0x00000000   Code   RO         2462    .ARM.Collect$$rtentry$$00000009  c_w.l(__rtentry2.o)
    0x0800020e   0x0800020e   0x00000004   Code   RO         2463    .ARM.Collect$$rtentry$$0000000A  c_w.l(__rtentry2.o)
    0x08000212   0x08000212   0x00000000   Code   RO         2465    .ARM.Collect$$rtentry$$0000000C  c_w.l(__rtentry2.o)
    0x08000212   0x08000212   0x00000008   Code   RO         2466    .ARM.Collect$$rtentry$$0000000D  c_w.l(__rtentry2.o)
    0x0800021a   0x0800021a   0x00000002   Code   RO         2496    .ARM.Collect$$rtexit$$00000000  c_w.l(rtexit.o)
    0x0800021c   0x0800021c   0x00000000   Code   RO         2546    .ARM.Collect$$rtexit$$00000002  c_w.l(rtexit2.o)
    0x0800021c   0x0800021c   0x00000004   Code   RO         2547    .ARM.Collect$$rtexit$$00000003  c_w.l(rtexit2.o)
    0x08000220   0x08000220   0x00000006   Code   RO         2548    .ARM.Collect$$rtexit$$00000004  c_w.l(rtexit2.o)
    0x08000226   0x08000226   0x00000002   PAD
    0x08000228   0x08000228   0x00000040   Code   RO            4  * .text               startup_stm32f40_41xxx.o
    0x08000268   0x08000268   0x00000044   Code   RO         2256    .text               c_w.l(rt_memclr.o)
    0x080002ac   0x080002ac   0x0000004e   Code   RO         2258    .text               c_w.l(rt_memclr_w.o)
    0x080002fa   0x080002fa   0x00000006   Code   RO         2260    .text               c_w.l(heapauxi.o)
    0x08000300   0x08000300   0x00000016   Code   RO         2407    .text               c_w.l(_rserrno.o)
    0x08000316   0x08000316   0x00000002   PAD
    0x08000318   0x08000318   0x00000008   Code   RO         2477    .text               c_w.l(rt_errno_addr_intlibspace.o)
    0x08000320   0x08000320   0x00000008   Code   RO         2481    .text               c_w.l(libspace.o)
    0x08000328   0x08000328   0x0000004a   Code   RO         2484    .text               c_w.l(sys_stackheap_outer.o)
    0x08000372   0x08000372   0x00000012   Code   RO         2486    .text               c_w.l(exit.o)
    0x08000384   0x08000384   0x0000000c   Code   RO         2556    .text               c_w.l(sys_exit.o)
    0x08000390   0x08000390   0x00000002   Code   RO         2567    .text               c_w.l(use_no_semi.o)
    0x08000392   0x08000392   0x00000000   Code   RO         2569    .text               c_w.l(indicate_semi.o)
    0x08000392   0x08000392   0x00000004   Code   RO          709    i.BusFault_Handler  interrupt.o
    0x08000396   0x08000396   0x00000002   PAD
    0x08000398   0x08000398   0x00000090   Code   RO          158    i.Configure         main.o
    0x08000428   0x08000428   0x000000fc   Code   RO          159    i.ConvertCorToByte  main.o
    0x08000524   0x08000524   0x00000090   Code   RO          161    i.ConvertYawToByte  main.o
    0x080005b4   0x080005b4   0x00000014   Code   RO          710    i.DMA1_Stream2_IRQHandler  interrupt.o
    0x080005c8   0x080005c8   0x00000014   Code   RO          711    i.DMA1_Stream4_IRQHandler  interrupt.o
    0x080005dc   0x080005dc   0x00000058   Code   RO          712    i.DMA1_Stream5_IRQHandler  interrupt.o
    0x08000634   0x08000634   0x00000014   Code   RO          713    i.DMA1_Stream6_IRQHandler  interrupt.o
    0x08000648   0x08000648   0x000002e4   Code   RO          714    i.DMA2_Stream2_IRQHandler  interrupt.o
    0x0800092c   0x0800092c   0x000000bc   Code   RO          715    i.DMA2_Stream5_IRQHandler  interrupt.o
    0x080009e8   0x080009e8   0x00000014   Code   RO          716    i.DMA2_Stream6_IRQHandler  interrupt.o
    0x080009fc   0x080009fc   0x00000014   Code   RO          717    i.DMA2_Stream7_IRQHandler  interrupt.o
    0x08000a10   0x08000a10   0x00000034   Code   RO          933    i.DMA_ClearFlag     stm32f4xx_dma.o
    0x08000a44   0x08000a44   0x00000034   Code   RO          934    i.DMA_ClearITPendingBit  stm32f4xx_dma.o
    0x08000a78   0x08000a78   0x00000016   Code   RO          935    i.DMA_Cmd           stm32f4xx_dma.o
    0x08000a8e   0x08000a8e   0x0000003a   Code   RO          946    i.DMA_ITConfig      stm32f4xx_dma.o
    0x08000ac8   0x08000ac8   0x00000058   Code   RO          947    i.DMA_Init          stm32f4xx_dma.o
    0x08000b20   0x08000b20   0x00000002   Code   RO          718    i.DebugMon_Handler  interrupt.o
    0x08000b22   0x08000b22   0x00000002   PAD
    0x08000b24   0x08000b24   0x00000518   Code   RO          506    i.Defuzzification_Max_Min  functions.o
    0x0800103c   0x0800103c   0x00000084   Code   RO          507    i.Degree_To_Degree  functions.o
    0x080010c0   0x080010c0   0x000000b0   Code   RO          283    i.EncoderRead       motor.o
    0x08001170   0x08001170   0x00000098   Code   RO          380    i.Encoder_Config_M1  encoder.o
    0x08001208   0x08001208   0x00000098   Code   RO          381    i.Encoder_Config_M2  encoder.o
    0x080012a0   0x080012a0   0x0000005c   Code   RO          509    i.Fuzzy_Max         functions.o
    0x080012fc   0x080012fc   0x000001c8   Code   RO          162    i.Fuzzy_ParametersInit  main.o
    0x080014c4   0x080014c4   0x00000030   Code   RO          382    i.GPIO_Config       encoder.o
    0x080014f4   0x080014f4   0x00000090   Code   RO         1066    i.GPIO_Init         stm32f4xx_gpio.o
    0x08001584   0x08001584   0x00000046   Code   RO         1067    i.GPIO_PinAFConfig  stm32f4xx_gpio.o
    0x080015ca   0x080015ca   0x0000000a   Code   RO         1078    i.GPIO_WriteBit     stm32f4xx_gpio.o
    0x080015d4   0x080015d4   0x00000088   Code   RO          631    i.GPS_DMS_To_DD     gps.o
    0x0800165c   0x0800165c   0x00000874   Code   RO          632    i.GPS_LatLonToUTM   gps.o
    0x08001ed0   0x08001ed0   0x0000009c   Code   RO          633    i.GPS_NMEA_Message  gps.o
    0x08001f6c   0x08001f6c   0x00000040   Code   RO          634    i.GPS_ParametersInit  gps.o
    0x08001fac   0x08001fac   0x000002ac   Code   RO          163    i.GPS_StanleyCompute  main.o
    0x08002258   0x08002258   0x00000a04   Code   RO          510    i.GPS_StanleyControl  functions.o
    0x08002c5c   0x08002c5c   0x00000020   Code   RO          635    i.GPS_StringCompare  gps.o
    0x08002c7c   0x08002c7c   0x000000c8   Code   RO          636    i.GPS_StringToLat   gps.o
    0x08002d44   0x08002d44   0x000000b4   Code   RO          637    i.GPS_StringToLng   gps.o
    0x08002df8   0x08002df8   0x0000006e   Code   RO          638    i.GetMessageInfo    gps.o
    0x08002e66   0x08002e66   0x00000002   PAD
    0x08002e68   0x08002e68   0x00000204   Code   RO          639    i.GetValueFromString  gps.o
    0x0800306c   0x0800306c   0x00000004   Code   RO          719    i.HardFault_Handler  interrupt.o
    0x08003070   0x08003070   0x00000180   Code   RO          511    i.IMU_UpdateFuzzyInput  functions.o
    0x080031f0   0x080031f0   0x0000006c   Code   RO          383    i.InTimer_Config    encoder.o
    0x0800325c   0x0800325c   0x000000e8   Code   RO          164    i.Init_Parameters   main.o
    0x08003344   0x08003344   0x00000048   Code   RO          512    i.MPS2RPM           functions.o
    0x0800338c   0x0800338c   0x00000004   Code   RO          720    i.MemManage_Handler  interrupt.o
    0x08003390   0x08003390   0x00000002   Code   RO          721    i.NMI_Handler       interrupt.o
    0x08003392   0x08003392   0x00000002   PAD
    0x08003394   0x08003394   0x00000078   Code   RO          859    i.NVIC_Init         misc.o
    0x0800340c   0x0800340c   0x00000274   Code   RO          284    i.PID_Compute       motor.o
    0x08003680   0x08003680   0x0000004c   Code   RO          285    i.PID_ResetPID      motor.o
    0x080036cc   0x080036cc   0x0000000e   Code   RO          286    i.PID_Set           motor.o
    0x080036da   0x080036da   0x00000006   Code   RO          287    i.PID_UpdateSetVel  motor.o
    0x080036e0   0x080036e0   0x000000ac   Code   RO          384    i.PWM_Config        encoder.o
    0x0800378c   0x0800378c   0x00000334   Code   RO          513    i.ParsePoint        functions.o
    0x08003ac0   0x08003ac0   0x00000240   Code   RO          514    i.ParseYaw          functions.o
    0x08003d00   0x08003d00   0x00000002   Code   RO          722    i.PendSV_Handler    interrupt.o
    0x08003d02   0x08003d02   0x00000002   PAD
    0x08003d04   0x08003d04   0x00000084   Code   RO          515    i.Pi_To_Pi          functions.o
    0x08003d88   0x08003d88   0x00000020   Code   RO         1167    i.RCC_AHB1PeriphClockCmd  stm32f4xx_rcc.o
    0x08003da8   0x08003da8   0x00000020   Code   RO         1176    i.RCC_APB1PeriphClockCmd  stm32f4xx_rcc.o
    0x08003dc8   0x08003dc8   0x00000020   Code   RO         1179    i.RCC_APB2PeriphClockCmd  stm32f4xx_rcc.o
    0x08003de8   0x08003de8   0x000000e8   Code   RO         1188    i.RCC_GetClocksFreq  stm32f4xx_rcc.o
    0x08003ed0   0x08003ed0   0x00000060   Code   RO          288    i.Reset_Motor       motor.o
    0x08003f30   0x08003f30   0x000000d0   Code   RO          289    i.RobotRun          motor.o
    0x08004000   0x08004000   0x00000002   Code   RO          723    i.SVC_Handler       interrupt.o
    0x08004002   0x08004002   0x00000002   PAD
    0x08004004   0x08004004   0x000000ec   Code   RO           13    i.SetSysClock       system_stm32f4xx.o
    0x080040f0   0x080040f0   0x00000024   Code   RO          290    i.Set_DirM1         motor.o
    0x08004114   0x08004114   0x00000024   Code   RO          291    i.Set_DirM2         motor.o
    0x08004138   0x08004138   0x00000022   Code   RO          516    i.StringHeaderCompare  functions.o
    0x0800415a   0x0800415a   0x00000002   PAD
    0x0800415c   0x0800415c   0x0000001c   Code   RO          724    i.SysTick_Handler   interrupt.o
    0x08004178   0x08004178   0x00000068   Code   RO           15    i.SystemInit        system_stm32f4xx.o
    0x080041e0   0x080041e0   0x00000018   Code   RO          725    i.TIM2_IRQHandler   interrupt.o
    0x080041f8   0x080041f8   0x00000018   Code   RO         1503    i.TIM_ARRPreloadConfig  stm32f4xx_tim.o
    0x08004210   0x08004210   0x00000006   Code   RO         1510    i.TIM_ClearITPendingBit  stm32f4xx_tim.o
    0x08004216   0x08004216   0x00000018   Code   RO         1515    i.TIM_Cmd           stm32f4xx_tim.o
    0x0800422e   0x0800422e   0x00000042   Code   RO         1524    i.TIM_EncoderInterfaceConfig  stm32f4xx_tim.o
    0x08004270   0x08004270   0x00000006   Code   RO         1534    i.TIM_GetCounter    stm32f4xx_tim.o
    0x08004276   0x08004276   0x00000012   Code   RO         1540    i.TIM_ITConfig      stm32f4xx_tim.o
    0x08004288   0x08004288   0x0000007c   Code   RO         1544    i.TIM_OC1Init       stm32f4xx_tim.o
    0x08004304   0x08004304   0x00000012   Code   RO         1547    i.TIM_OC1PreloadConfig  stm32f4xx_tim.o
    0x08004316   0x08004316   0x00000002   PAD
    0x08004318   0x08004318   0x000000a4   Code   RO         1549    i.TIM_OC2Init       stm32f4xx_tim.o
    0x080043bc   0x080043bc   0x0000001a   Code   RO         1552    i.TIM_OC2PreloadConfig  stm32f4xx_tim.o
    0x080043d6   0x080043d6   0x00000004   Code   RO         1581    i.TIM_SetCounter    stm32f4xx_tim.o
    0x080043da   0x080043da   0x00000002   PAD
    0x080043dc   0x080043dc   0x00000084   Code   RO         1587    i.TIM_TimeBaseInit  stm32f4xx_tim.o
    0x08004460   0x08004460   0x00000012   Code   RO          517    i.Tramf_Update      functions.o
    0x08004472   0x08004472   0x00000002   PAD
    0x08004474   0x08004474   0x0000016c   Code   RO          518    i.Tramf_function    functions.o
    0x080045e0   0x080045e0   0x0000000e   Code   RO          519    i.Trimf_Update      functions.o
    0x080045ee   0x080045ee   0x00000002   PAD
    0x080045f0   0x080045f0   0x00000140   Code   RO          520    i.Trimf_function    functions.o
    0x08004730   0x08004730   0x00000028   Code   RO          434    i.U6_SendData       uart.o
    0x08004758   0x08004758   0x000001a4   Code   RO          435    i.UART4_Config      uart.o
    0x080048fc   0x080048fc   0x00000034   Code   RO          726    i.UART4_IRQHandler  interrupt.o
    0x08004930   0x08004930   0x00000180   Code   RO          436    i.USART1_Config     uart.o
    0x08004ab0   0x08004ab0   0x00000034   Code   RO          727    i.USART1_IRQHandler  interrupt.o
    0x08004ae4   0x08004ae4   0x00000134   Code   RO          437    i.USART2_Config     uart.o
    0x08004c18   0x08004c18   0x00000034   Code   RO          728    i.USART2_IRQHandler  interrupt.o
    0x08004c4c   0x08004c4c   0x0000015c   Code   RO          438    i.USART6_Config     uart.o
    0x08004da8   0x08004da8   0x00000012   Code   RO         2065    i.USART_ClearFlag   stm32f4xx_usart.o
    0x08004dba   0x08004dba   0x00000018   Code   RO         2069    i.USART_Cmd         stm32f4xx_usart.o
    0x08004dd2   0x08004dd2   0x00000012   Code   RO         2070    i.USART_DMACmd      stm32f4xx_usart.o
    0x08004de4   0x08004de4   0x00000054   Code   RO         2073    i.USART_GetITStatus  stm32f4xx_usart.o
    0x08004e38   0x08004e38   0x0000004a   Code   RO         2075    i.USART_ITConfig    stm32f4xx_usart.o
    0x08004e82   0x08004e82   0x00000002   PAD
    0x08004e84   0x08004e84   0x000000d4   Code   RO         2076    i.USART_Init        stm32f4xx_usart.o
    0x08004f58   0x08004f58   0x0000000a   Code   RO         2083    i.USART_ReceiveData  stm32f4xx_usart.o
    0x08004f62   0x08004f62   0x00000002   PAD
    0x08004f64   0x08004f64   0x00000030   Code   RO          521    i.UpdateFuzzyCoefficients  functions.o
    0x08004f94   0x08004f94   0x00000004   Code   RO          729    i.UsageFault_Handler  interrupt.o
    0x08004f98   0x08004f98   0x00000030   Code   RO         2437    i.__ARM_fpclassify  m_wm.l(fpclassify.o)
    0x08004fc8   0x08004fc8   0x000002d8   Code   RO         2298    i.__hardfp_atan     m_wm.l(atan.o)
    0x080052a0   0x080052a0   0x000001f0   Code   RO         2312    i.__hardfp_atan2    m_wm.l(atan2.o)
    0x08005490   0x08005490   0x000000c8   Code   RO         2324    i.__hardfp_cos      m_wm.l(cos.o)
    0x08005558   0x08005558   0x00000014   Code   RO         2336    i.__hardfp_fabs     m_wm.l(fabs.o)
    0x0800556c   0x0800556c   0x00000004   PAD
    0x08005570   0x08005570   0x000003c4   Code   RO         2342    i.__hardfp_log      m_wm.l(log.o)
    0x08005934   0x08005934   0x00000004   PAD
    0x08005938   0x08005938   0x00000c50   Code   RO         2356    i.__hardfp_pow      m_wm.l(pow.o)
    0x08006588   0x08006588   0x000000c8   Code   RO         2370    i.__hardfp_sin      m_wm.l(sin.o)
    0x08006650   0x08006650   0x0000007a   Code   RO         2382    i.__hardfp_sqrt     m_wm.l(sqrt.o)
    0x080066ca   0x080066ca   0x00000006   PAD
    0x080066d0   0x080066d0   0x00000080   Code   RO         2394    i.__hardfp_tan      m_wm.l(tan.o)
    0x08006750   0x08006750   0x00000438   Code   RO         2442    i.__ieee754_rem_pio2  m_wm.l(rred.o)
    0x08006b88   0x08006b88   0x00000170   Code   RO         2420    i.__kernel_cos      m_wm.l(cos_i.o)
    0x08006cf8   0x08006cf8   0x000000f8   Code   RO         2439    i.__kernel_poly     m_wm.l(poly.o)
    0x08006df0   0x08006df0   0x00000130   Code   RO         2447    i.__kernel_sin      m_wm.l(sin_i.o)
    0x08006f20   0x08006f20   0x00000350   Code   RO         2453    i.__kernel_tan      m_wm.l(tan_i.o)
    0x08007270   0x08007270   0x00000030   Code   RO         2423    i.__mathlib_dbl_divzero  m_wm.l(dunder.o)
    0x080072a0   0x080072a0   0x00000014   Code   RO         2424    i.__mathlib_dbl_infnan  m_wm.l(dunder.o)
    0x080072b4   0x080072b4   0x00000014   Code   RO         2425    i.__mathlib_dbl_infnan2  m_wm.l(dunder.o)
    0x080072c8   0x080072c8   0x00000020   Code   RO         2426    i.__mathlib_dbl_invalid  m_wm.l(dunder.o)
    0x080072e8   0x080072e8   0x00000020   Code   RO         2427    i.__mathlib_dbl_overflow  m_wm.l(dunder.o)
    0x08007308   0x08007308   0x00000020   Code   RO         2429    i.__mathlib_dbl_underflow  m_wm.l(dunder.o)
    0x08007328   0x08007328   0x00000010   Code   RO         2300    i.atan              m_wm.l(atan.o)
    0x08007338   0x08007338   0x00000018   Code   RO         2338    i.fabs              m_wm.l(fabs.o)
    0x08007350   0x08007350   0x00000068   Code   RO          293    i.filter            motor.o
    0x080073b8   0x080073b8   0x000001b0   Code   RO          167    i.main              main.o
    0x08007568   0x08007568   0x0000006e   Code   RO         2384    i.sqrt              m_wm.l(sqrt.o)
    0x080075d6   0x080075d6   0x00000018   Code   RO         2264    x$fpl$basic         fz_wm.l(basic.o)
    0x080075ee   0x080075ee   0x00000002   PAD
    0x080075f0   0x080075f0   0x00000150   Code   RO         2266    x$fpl$dadd          fz_wm.l(daddsub_clz.o)
    0x08007740   0x08007740   0x00000010   Code   RO         2479    x$fpl$dcheck1       fz_wm.l(dcheck1.o)
    0x08007750   0x08007750   0x00000018   Code   RO         2409    x$fpl$dcmpinf       fz_wm.l(dcmpi.o)
    0x08007768   0x08007768   0x000002b0   Code   RO         2273    x$fpl$ddiv          fz_wm.l(ddiv.o)
    0x08007a18   0x08007a18   0x00000078   Code   RO         2276    x$fpl$deqf          fz_wm.l(deqf.o)
    0x08007a90   0x08007a90   0x0000005e   Code   RO         2278    x$fpl$dfix          fz_wm.l(dfix.o)
    0x08007aee   0x08007aee   0x00000002   PAD
    0x08007af0   0x08007af0   0x0000005a   Code   RO         2282    x$fpl$dfixu         fz_wm.l(dfixu.o)
    0x08007b4a   0x08007b4a   0x0000002e   Code   RO         2287    x$fpl$dflt          fz_wm.l(dflt_clz.o)
    0x08007b78   0x08007b78   0x00000026   Code   RO         2286    x$fpl$dfltu         fz_wm.l(dflt_clz.o)
    0x08007b9e   0x08007b9e   0x00000002   PAD
    0x08007ba0   0x08007ba0   0x00000078   Code   RO         2292    x$fpl$dleqf         fz_wm.l(dleqf.o)
    0x08007c18   0x08007c18   0x00000154   Code   RO         2294    x$fpl$dmul          fz_wm.l(dmul.o)
    0x08007d6c   0x08007d6c   0x0000009c   Code   RO         2411    x$fpl$dnaninf       fz_wm.l(dnaninf.o)
    0x08007e08   0x08007e08   0x0000000c   Code   RO         2413    x$fpl$dretinf       fz_wm.l(dretinf.o)
    0x08007e14   0x08007e14   0x0000006c   Code   RO         2296    x$fpl$drleqf        fz_wm.l(drleqf.o)
    0x08007e80   0x08007e80   0x00000016   Code   RO         2267    x$fpl$drsb          fz_wm.l(daddsub_clz.o)
    0x08007e96   0x08007e96   0x00000002   PAD
    0x08007e98   0x08007e98   0x00000198   Code   RO         2415    x$fpl$dsqrt         fz_wm.l(dsqrt_umaal.o)
    0x08008030   0x08008030   0x000001d4   Code   RO         2268    x$fpl$dsub          fz_wm.l(daddsub_clz.o)
    0x08008204   0x08008204   0x0000000a   Code   RO         2554    x$fpl$fpinit        fz_wm.l(fpinit.o)
    0x0800820e   0x0800820e   0x00000064   Code   RO         2494    x$fpl$retnan        fz_wm.l(retnan.o)
    0x08008272   0x08008272   0x0000005c   Code   RO         2417    x$fpl$scalbn        fz_wm.l(scalbn.o)
    0x080082ce   0x080082ce   0x00000030   Code   RO         2543    x$fpl$trapveneer    fz_wm.l(trapv.o)
    0x080082fe   0x080082fe   0x00000000   Code   RO         2419    x$fpl$usenofp       fz_wm.l(usenofp.o)
    0x080082fe   0x080082fe   0x00000002   PAD
    0x08008300   0x08008300   0x00000098   Data   RO         2301    .constdata          m_wm.l(atan.o)
    0x08008398   0x08008398   0x00000038   Data   RO         2345    .constdata          m_wm.l(log.o)
    0x080083d0   0x080083d0   0x00000088   Data   RO         2359    .constdata          m_wm.l(pow.o)
    0x08008458   0x08008458   0x00000030   Data   RO         2421    .constdata          m_wm.l(cos_i.o)
    0x08008488   0x08008488   0x00000008   Data   RO         2441    .constdata          m_wm.l(qnan.o)
    0x08008490   0x08008490   0x000000c8   Data   RO         2444    .constdata          m_wm.l(rred.o)
    0x08008558   0x08008558   0x00000028   Data   RO         2448    .constdata          m_wm.l(sin_i.o)
    0x08008580   0x08008580   0x00000060   Data   RO         2454    .constdata          m_wm.l(tan_i.o)
    0x080085e0   0x080085e0   0x00000020   Data   RO         2622    Region$$Table       anon$$obj.o


    Execution Region ER_RW (Exec base: 0x20000000, Load base: 0x08008600, Size: 0x000000a0, Max: 0xffffffff, ABSOLUTE)

    Exec Addr    Load Addr    Size         Type   Attr      Idx    E Section Name        Object

    0x20000000   0x08008600   0x00000014   Data   RW           16    .data               system_stm32f4xx.o
    0x20000014   0x08008614   0x00000008   Data   RW          170    .data               main.o
    0x2000001c   0x0800861c   0x00000005   Data   RW          295    .data               motor.o
    0x20000021   0x08008621   0x00000003   PAD
    0x20000024   0x08008624   0x0000000c   Data   RW          386    .data               encoder.o
    0x20000030   0x08008630   0x00000020   Data   RW          441    .data               uart.o
    0x20000050   0x08008650   0x00000038   Data   RW          523    .data               functions.o
    0x20000088   0x08008688   0x00000008   Data   RW          730    .data               interrupt.o
    0x20000090   0x08008690   0x00000010   Data   RW         1219    .data               stm32f4xx_rcc.o


    Execution Region ER_ZI (Exec base: 0x200000a0, Load base: 0x080086a0, Size: 0x00004dc8, Max: 0xffffffff, ABSOLUTE)

    Exec Addr    Load Addr    Size         Type   Attr      Idx    E Section Name        Object

    0x200000a0        -       0x000000ea   Zero   RW          169    .bss                main.o
    0x2000018a   0x080086a0   0x00000006   PAD
    0x20000190        -       0x00000028   Zero   RW          294    .bss                motor.o
    0x200001b8        -       0x0000000c   Zero   RW          385    .bss                encoder.o
    0x200001c4        -       0x00000194   Zero   RW          440    .bss                uart.o
    0x20000358        -       0x00000130   Zero   RW          522    .bss                functions.o
    0x20000488        -       0x0000437c   Zero   RW          640    .bss                gps.o
    0x20004804        -       0x00000060   Zero   RW         2482    .bss                c_w.l(libspace.o)
    0x20004864   0x080086a0   0x00000004   PAD
    0x20004868        -       0x00000200   Zero   RW            2    HEAP                startup_stm32f40_41xxx.o
    0x20004a68        -       0x00000400   Zero   RW            1    STACK               startup_stm32f40_41xxx.o


==============================================================================

Image component sizes


      Code (inc. data)   RO Data    RW Data    ZI Data      Debug   Object Name

       632         66          0         12         12       2982   encoder.o
      6874        362          0         56        304      13903   functions.o
      3558        270          0          0      17276       9990   gps.o
      1348        242          0          8          0      10358   interrupt.o
      2344        500          0          8        234      37654   main.o
       120         14          0          0          0     229828   misc.o
      1380        134          0          5         40       7473   motor.o
        64         26        392          0       1536        848   startup_stm32f40_41xxx.o
       272         34          0          0          0       4572   stm32f4xx_dma.o
       224          0          0          0          0       2591   stm32f4xx_gpio.o
       328         36          0         16          0       4859   stm32f4xx_rcc.o
       612         48          0          0          0       8592   stm32f4xx_tim.o
       440          8          0          0          0       5767   stm32f4xx_usart.o
       340         32          0         20          0     295109   system_stm32f4xx.o
      1500        154          0         32        404       4697   uart.o

    ----------------------------------------------------------------------
     20062       1926        424        160      19812     639223   Object Totals
         0          0         32          0          0          0   (incl. Generated)
        26          0          0          3          6          0   (incl. Padding)

    ----------------------------------------------------------------------

      Code (inc. data)   RO Data    RW Data    ZI Data      Debug   Library Member Name

         8          0          0          0          0         68   __main.o
         0          0          0          0          0          0   __rtentry.o
        12          0          0          0          0          0   __rtentry2.o
         6          0          0          0          0          0   __rtentry4.o
        52          8          0          0          0          0   __scatter.o
        26          0          0          0          0          0   __scatter_copy.o
        28          0          0          0          0          0   __scatter_zi.o
        22          0          0          0          0        100   _rserrno.o
        18          0          0          0          0         80   exit.o
         6          0          0          0          0        152   heapauxi.o
         0          0          0          0          0          0   indicate_semi.o
         2          0          0          0          0          0   libinit.o
         6          0          0          0          0          0   libinit2.o
         2          0          0          0          0          0   libshutdown.o
         2          0          0          0          0          0   libshutdown2.o
         8          4          0          0         96         68   libspace.o
         8          4          0          0          0         68   rt_errno_addr_intlibspace.o
        68          0          0          0          0         68   rt_memclr.o
        78          0          0          0          0         80   rt_memclr_w.o
         2          0          0          0          0          0   rtexit.o
        10          0          0          0          0          0   rtexit2.o
        12          4          0          0          0         68   sys_exit.o
        74          0          0          0          0         80   sys_stackheap_outer.o
         2          0          0          0          0         68   use_no_semi.o
        24          0          0          0          0        164   basic.o
       826         16          0          0          0        492   daddsub_clz.o
        16          4          0          0          0        116   dcheck1.o
        24          0          0          0          0        116   dcmpi.o
       688        140          0          0          0        256   ddiv.o
       120          4          0          0          0        140   deqf.o
        94          4          0          0          0        140   dfix.o
        90          4          0          0          0        140   dfixu.o
        84          0          0          0          0        232   dflt_clz.o
       120          4          0          0          0        140   dleqf.o
       340         12          0          0          0        152   dmul.o
       156          4          0          0          0        140   dnaninf.o
        12          0          0          0          0        116   dretinf.o
       108          0          0          0          0        128   drleqf.o
       408         56          0          0          0        168   dsqrt_umaal.o
        10          0          0          0          0        116   fpinit.o
       100          0          0          0          0        116   retnan.o
        92          0          0          0          0        116   scalbn.o
        48          0          0          0          0        116   trapv.o
         0          0          0          0          0          0   usenofp.o
       744        106        152          0          0        352   atan.o
       496         64          0          0          0        192   atan2.o
       200         20          0          0          0        164   cos.o
       368         46         48          0          0        200   cos_i.o
       184         44          0          0          0        744   dunder.o
        44          0          0          0          0        248   fabs.o
        48          0          0          0          0        124   fpclassify.o
       964         92         56          0          0        316   log.o
       248          0          0          0          0        152   poly.o
      3152        296        136          0          0        352   pow.o
         0          0          8          0          0          0   qnan.o
      1080        142        200          0          0        188   rred.o
       200         20          0          0          0        164   sin.o
       304         24         40          0          0        208   sin_i.o
       232          0          0          0          0        296   sqrt.o
       128         20          0          0          0        144   tan.o
       848         84         96          0          0        196   tan_i.o

    ----------------------------------------------------------------------
     13082       1230        736          0        100       8044   Library Totals
        30          4          0          0          4          0   (incl. Padding)

    ----------------------------------------------------------------------

      Code (inc. data)   RO Data    RW Data    ZI Data      Debug   Library Name

       452         20          0          0         96        900   c_w.l
      3360        248          0          0          0       3104   fz_wm.l
      9240        958        736          0          0       4040   m_wm.l

    ----------------------------------------------------------------------
     13082       1230        736          0        100       8044   Library Totals

    ----------------------------------------------------------------------

==============================================================================


      Code (inc. data)   RO Data    RW Data    ZI Data      Debug   

     33144       3156       1160        160      19912     632803   Grand Totals
     33144       3156       1160        160      19912     632803   ELF Image Totals
     33144       3156       1160        160          0          0   ROM Totals

==============================================================================

    Total RO  Size (Code + RO Data)                34304 (  33.50kB)
    Total RW  Size (RW Data + ZI Data)             20072 (  19.60kB)
    Total ROM Size (Code + RO Data + RW Data)      34464 (  33.66kB)

==============================================================================

